2025-11-24T12:17:40.6833500Z Current runner version: '2.329.0'
2025-11-24T12:17:40.6847230Z ##[group]Runner Image Provisioner
2025-11-24T12:17:40.6847720Z Hosted Compute Agent
2025-11-24T12:17:40.6848050Z Version: 20251117.445
2025-11-24T12:17:40.6848420Z Commit: 17780a5d4025a96787933ab442dc95c406773466
2025-11-24T12:17:40.6848850Z Build Date: 2025-11-17T20:36:01Z
2025-11-24T12:17:40.6849220Z ##[endgroup]
2025-11-24T12:17:40.6849560Z ##[group]Operating System
2025-11-24T12:17:40.6849920Z macOS
2025-11-24T12:17:40.6850220Z 14.8.2
2025-11-24T12:17:40.6850510Z 23J126
2025-11-24T12:17:40.6850800Z ##[endgroup]
2025-11-24T12:17:40.6851100Z ##[group]Runner Image
2025-11-24T12:17:40.6851420Z Image: macos-14-arm64
2025-11-24T12:17:40.6851850Z Version: 20251111.0092
2025-11-24T12:17:40.6852530Z Included Software: https://github.com/actions/runner-images/blob/macos-14-arm64/20251111.0092/images/macos/macos-14-arm64-Readme.md
2025-11-24T12:17:40.6853620Z Image Release: https://github.com/actions/runner-images/releases/tag/macos-14-arm64%2F20251111.0092
2025-11-24T12:17:40.6854250Z ##[endgroup]
2025-11-24T12:17:40.6855970Z ##[group]GITHUB_TOKEN Permissions
2025-11-24T12:17:40.6857150Z Actions: write
2025-11-24T12:17:40.6857480Z ArtifactMetadata: write
2025-11-24T12:17:40.6857810Z Attestations: write
2025-11-24T12:17:40.6858120Z Checks: write
2025-11-24T12:17:40.6858420Z Contents: write
2025-11-24T12:17:40.6858720Z Deployments: write
2025-11-24T12:17:40.6859030Z Discussions: write
2025-11-24T12:17:40.6859340Z Issues: write
2025-11-24T12:17:40.6859630Z Metadata: read
2025-11-24T12:17:40.6859930Z Models: read
2025-11-24T12:17:40.6860220Z Packages: write
2025-11-24T12:17:40.6860520Z Pages: write
2025-11-24T12:17:40.6860810Z PullRequests: write
2025-11-24T12:17:40.6861130Z RepositoryProjects: write
2025-11-24T12:17:40.6861520Z SecurityEvents: write
2025-11-24T12:17:40.6861990Z Statuses: write
2025-11-24T12:17:40.6862310Z ##[endgroup]
2025-11-24T12:17:40.6863730Z Secret source: Actions
2025-11-24T12:17:40.6864140Z Prepare workflow directory
2025-11-24T12:17:40.7071820Z Prepare all required actions
2025-11-24T12:17:40.7098330Z Getting action download info
2025-11-24T12:17:41.0458290Z Download action repository 'actions/checkout@v4' (SHA:34e114876b0b11c390a56381ad16ebd13914f8d5)
2025-11-24T12:17:42.2104550Z Download action repository 'actions/cache@v4' (SHA:0057852bfaa89a56745cba8c7296529d2fc39830)
2025-11-24T12:17:42.2866430Z Download action repository 'actions/upload-artifact@v4' (SHA:ea165f8d65b6e75b540449e92b4886f43607fa02)
2025-11-24T12:17:42.4316890Z Complete job name: Development build (2, ios)
2025-11-24T12:17:42.4593400Z ##[group]Run set -e
2025-11-24T12:17:42.4593780Z [36;1mset -e[0m
2025-11-24T12:17:42.4594150Z [36;1mecho "Available apps in /Applications (matching Xcode*):"[0m
2025-11-24T12:17:42.4594640Z [36;1mls /Applications | grep -E "Xcode(.+)?\.app" || true[0m
2025-11-24T12:17:42.4595140Z [36;1m# Prefer Xcode_16, then Xcode_15, then /Applications/Xcode.app[0m
2025-11-24T12:17:42.4595600Z [36;1mif [ -d "/Applications/Xcode_16.app" ]; then[0m
2025-11-24T12:17:42.4596020Z [36;1m  echo "Selecting /Applications/Xcode_16.app"[0m
2025-11-24T12:17:42.4596500Z [36;1m  sudo xcode-select -s /Applications/Xcode_16.app/Contents/Developer[0m
2025-11-24T12:17:42.4597070Z [36;1melif [ -d "/Applications/Xcode_15.app" ]; then[0m
2025-11-24T12:17:42.4597480Z [36;1m  echo "Selecting /Applications/Xcode_15.app"[0m
2025-11-24T12:17:42.4597980Z [36;1m  sudo xcode-select -s /Applications/Xcode_15.app/Contents/Developer[0m
2025-11-24T12:17:42.4598500Z [36;1melif [ -d "/Applications/Xcode.app" ]; then[0m
2025-11-24T12:17:42.4598960Z [36;1m  echo "Selecting /Applications/Xcode.app"[0m
2025-11-24T12:17:42.4599460Z [36;1m  sudo xcode-select -s /Applications/Xcode.app/Contents/Developer[0m
2025-11-24T12:17:42.4599920Z [36;1melse[0m
2025-11-24T12:17:42.4600460Z [36;1m  echo "No preinstalled Xcode found under /Applications that matches the search. Leaving system default."[0m
2025-11-24T12:17:42.4601070Z [36;1mfi[0m
2025-11-24T12:17:42.4601350Z [36;1mxcodebuild -version || true[0m
2025-11-24T12:17:42.4602110Z [36;1mecho "Available simulator runtimes (for debugging):"[0m
2025-11-24T12:17:42.4602550Z [36;1mxcrun simctl list runtimes || true[0m
2025-11-24T12:17:42.4688090Z shell: /bin/bash -e {0}
2025-11-24T12:17:42.4688670Z ##[endgroup]
2025-11-24T12:17:42.4913660Z Available apps in /Applications (matching Xcode*):
2025-11-24T12:17:42.4938780Z Xcode.app
2025-11-24T12:17:42.4939390Z Xcode_15.0.1.app
2025-11-24T12:17:42.4939740Z Xcode_15.0.app
2025-11-24T12:17:42.4940060Z Xcode_15.1.0.app
2025-11-24T12:17:42.4940470Z Xcode_15.1.app
2025-11-24T12:17:42.4940760Z Xcode_15.2.0.app
2025-11-24T12:17:42.4941040Z Xcode_15.2.app
2025-11-24T12:17:42.4941320Z Xcode_15.3.0.app
2025-11-24T12:17:42.4941630Z Xcode_15.3.app
2025-11-24T12:17:42.4941910Z Xcode_15.4.0.app
2025-11-24T12:17:42.4942190Z Xcode_15.4.app
2025-11-24T12:17:42.4942590Z Xcode_16.1.0.app
2025-11-24T12:17:42.4942880Z Xcode_16.1.app
2025-11-24T12:17:42.4943180Z Xcode_16.2.0.app
2025-11-24T12:17:42.4943500Z Xcode_16.2.app
2025-11-24T12:17:42.4943840Z Selecting /Applications/Xcode.app
2025-11-24T12:17:43.3325030Z Xcode 15.4
2025-11-24T12:17:43.3325750Z Build version 15F31d
2025-11-24T12:17:43.3327540Z Available simulator runtimes (for debugging):
2025-11-24T12:17:51.6691700Z == Runtimes ==
2025-11-24T12:17:51.6793790Z iOS 17.0 (17.0.1 - 21A342) - com.apple.CoreSimulator.SimRuntime.iOS-17-0
2025-11-24T12:17:51.6898140Z iOS 17.2 (17.2 - 21C62) - com.apple.CoreSimulator.SimRuntime.iOS-17-2
2025-11-24T12:17:51.6999910Z iOS 17.4 (17.4 - 21E213) - com.apple.CoreSimulator.SimRuntime.iOS-17-4
2025-11-24T12:17:51.7101020Z iOS 17.5 (17.5 - 21F79) - com.apple.CoreSimulator.SimRuntime.iOS-17-5
2025-11-24T12:17:51.7203320Z iOS 18.1 (18.1 - 22B81) - com.apple.CoreSimulator.SimRuntime.iOS-18-1
2025-11-24T12:17:51.7337770Z iOS 18.2 (18.2 - 22C150) - com.apple.CoreSimulator.SimRuntime.iOS-18-2
2025-11-24T12:17:51.7408410Z tvOS 17.0 (17.0 - 21J353) - com.apple.CoreSimulator.SimRuntime.tvOS-17-0
2025-11-24T12:17:51.7510800Z tvOS 17.2 (17.2 - 21K364) - com.apple.CoreSimulator.SimRuntime.tvOS-17-2
2025-11-24T12:17:51.7612790Z tvOS 17.4 (17.4 - 21L224) - com.apple.CoreSimulator.SimRuntime.tvOS-17-4
2025-11-24T12:17:51.7714700Z tvOS 17.5 (17.5 - 21L569) - com.apple.CoreSimulator.SimRuntime.tvOS-17-5
2025-11-24T12:17:51.7816380Z tvOS 18.1 (18.1 - 22J578) - com.apple.CoreSimulator.SimRuntime.tvOS-18-1
2025-11-24T12:17:51.7918080Z tvOS 18.2 (18.2 - 22K154) - com.apple.CoreSimulator.SimRuntime.tvOS-18-2
2025-11-24T12:17:51.8020010Z watchOS 10.0 (10.0 - 21R355) - com.apple.CoreSimulator.SimRuntime.watchOS-10-0
2025-11-24T12:17:51.8122230Z watchOS 10.2 (10.2 - 21S364) - com.apple.CoreSimulator.SimRuntime.watchOS-10-2
2025-11-24T12:17:51.8225950Z watchOS 10.4 (10.4 - 21T214) - com.apple.CoreSimulator.SimRuntime.watchOS-10-4
2025-11-24T12:17:51.8326820Z watchOS 10.5 (10.5 - 21T575) - com.apple.CoreSimulator.SimRuntime.watchOS-10-5
2025-11-24T12:17:51.8428510Z watchOS 11.1 (11.1 - 22R581) - com.apple.CoreSimulator.SimRuntime.watchOS-11-1
2025-11-24T12:17:51.8529290Z watchOS 11.2 (11.2 - 22S99) - com.apple.CoreSimulator.SimRuntime.watchOS-11-2
2025-11-24T12:17:51.8631180Z visionOS 1.0 (1.0 - 21N305) - com.apple.CoreSimulator.SimRuntime.xrOS-1-0
2025-11-24T12:17:51.8731860Z visionOS 1.1 (1.1 - 21O209) - com.apple.CoreSimulator.SimRuntime.xrOS-1-1
2025-11-24T12:17:51.8832340Z visionOS 1.2 (1.2 - 21O5565d) - com.apple.CoreSimulator.SimRuntime.xrOS-1-2
2025-11-24T12:17:51.8933280Z visionOS 2.1 (2.1 - 22N580) - com.apple.CoreSimulator.SimRuntime.xrOS-2-1
2025-11-24T12:17:51.9053060Z visionOS 2.2 (2.2 - 22N840) - com.apple.CoreSimulator.SimRuntime.xrOS-2-2
2025-11-24T12:17:51.9221370Z ##[group]Run brew update
2025-11-24T12:17:51.9221800Z [36;1mbrew update[0m
2025-11-24T12:17:51.9222090Z [36;1mbrew install make[0m
2025-11-24T12:17:51.9317900Z shell: /bin/bash -e {0}
2025-11-24T12:17:51.9321170Z ##[endgroup]
2025-11-24T12:17:54.0083170Z [34m==>[0m [1mUpdating Homebrew...[0m
2025-11-24T12:18:08.4128480Z To restore the stashed changes to /opt/homebrew/Library/Taps/homebrew/homebrew-core, run:
2025-11-24T12:18:08.4231760Z   cd /opt/homebrew/Library/Taps/homebrew/homebrew-core && git stash pop
2025-11-24T12:18:09.4797020Z [34m==>[0m [1mDownloading https://ghcr.io/v2/homebrew/core/portable-ruby/blobs/sha256:c6946ba2c387b47934e77c352c2056489421003ec7ddb2abf246cef2168ec140[0m
2025-11-24T12:18:09.7716550Z #=#=#                                                                          
2025-11-24T12:18:09.8717760Z ##O#-#                                                                         
2025-11-24T12:18:09.8718080Z 
2025-11-24T12:18:09.9215270Z ###############                                                           21.5%
2025-11-24T12:18:09.9254860Z ######################################################################## 100.0%
2025-11-24T12:18:10.0418690Z [34m==>[0m [1mPouring portable-ruby-3.4.7.arm64_big_sur.bottle.tar.gz[0m
2025-11-24T12:18:11.2864850Z [34m==>[0m [1mHomebrew's analytics have entirely moved to our InfluxDB instance in the EU.[0m
2025-11-24T12:18:11.2865690Z We gather less data than before and have destroyed all Google Analytics data:
2025-11-24T12:18:11.2866280Z   [4mhttps://docs.brew.sh/Analytics[24m[0m
2025-11-24T12:18:11.2866680Z Please reconsider re-enabling analytics to help our volunteer maintainers with:
2025-11-24T12:18:11.2867070Z   brew analytics on
2025-11-24T12:18:11.3102420Z [34m==>[0m [1mHomebrew is run entirely by unpaid volunteers. Please consider donating:[0m
2025-11-24T12:18:11.3103420Z   [4mhttps://github.com/Homebrew/brew#donations[24m
2025-11-24T12:18:11.3103940Z 
2025-11-24T12:18:12.6040040Z Updated 4 taps (hashicorp/tap, azure/bicep, homebrew/core and homebrew/cask).
2025-11-24T12:18:12.6061890Z [34m==>[0m [1mNew Formulae[0m
2025-11-24T12:18:12.9585720Z ansible@12: Automate deployment, configuration, and upgrading
2025-11-24T12:18:12.9586560Z aws-spiffe-workload-helper: Helper for providing AWS credentials to workloads using their SPIFFE identity
2025-11-24T12:18:12.9587870Z devcockpit: TUI system monitor for Apple Silicon
2025-11-24T12:18:12.9590170Z e1s: TUI for managing AWS ECS, inspired by k9s
2025-11-24T12:18:12.9592400Z fastrace: Dependency-free traceroute implementation in pure C
2025-11-24T12:18:12.9594140Z fnox: Fort Knox for your secrets - flexible secret management tool
2025-11-24T12:18:12.9595640Z forgejo-cli: CLI tool for interacting with Forgejo
2025-11-24T12:18:12.9598440Z gitnr: Create `.gitignore` using templates from TopTal, GitHub or your own collection
2025-11-24T12:18:12.9600730Z gotun: Lightweight HTTP proxy over SSH
2025-11-24T12:18:12.9603390Z gruyere: TUI program for viewing and killing processes listening on ports
2025-11-24T12:18:12.9605780Z gwctl: CLI for managing and inspecting Gateway API resources in Kubernetes clusters
2025-11-24T12:18:12.9607210Z hapless: Run and manage background processes
2025-11-24T12:18:12.9609450Z helm@3: Kubernetes package manager
2025-11-24T12:18:12.9612610Z hf-mcp-server: MCP Server for Hugging Face
2025-11-24T12:18:12.9615100Z icu4c@78: C/C++ and Java libraries for Unicode and globalization
2025-11-24T12:18:12.9618940Z kagent: Kubernetes native framework for building AI agents
2025-11-24T12:18:12.9621310Z kanata-tray: System tray for kanata keyboard remapper
2025-11-24T12:18:12.9624710Z libaegis: Portable C implementations of the AEGIS family of encryption algorithms
2025-11-24T12:18:12.9627500Z libdecor: Client-side decorations library for Wayland client
2025-11-24T12:18:12.9632320Z mail-deduplicate: CLI to deduplicate mails from mail boxes
2025-11-24T12:18:12.9636710Z mbedtls@3: Cryptographic & SSL/TLS library
2025-11-24T12:18:12.9642880Z mdfried: Terminal markdown viewer
2025-11-24T12:18:12.9646360Z mitama-cpp-result: Provides `result<T, E>` and `maybe<T>` and monadic functions for them
2025-11-24T12:18:12.9653880Z parqeye: Peek inside Parquet files right from your terminal
2025-11-24T12:18:12.9660970Z php@8.4: General-purpose scripting language
2025-11-24T12:18:12.9668190Z pipewire: Server and user space API to deal with multimedia pipelines
2025-11-24T12:18:12.9676690Z redis@8.2: Persistent key-value database, with built-in net interface
2025-11-24T12:18:12.9685930Z resterm: Terminal client for .http/.rest files with HTTP, GraphQL, and gRPC support
2025-11-24T12:18:12.9694820Z spiffe-helper: Tool that can be used to retrieve and manage SVIDs on behalf of a workload
2025-11-24T12:18:12.9704210Z strands-agents-sops: Standard Operating Procedures for AI agents using natural language
2025-11-24T12:18:12.9720020Z torrra: Find and download torrents without leaving your CLI
2025-11-24T12:18:12.9727360Z vibecheck: AI-powered git commit assistant written in Go
2025-11-24T12:18:12.9741200Z xcp: Fast & lightweight command-line tool for managing Xcode projects, built in Swift
2025-11-24T12:18:12.9754540Z xleak: Terminal Excel viewer with an interactive TUI
2025-11-24T12:18:12.9829340Z [34m==>[0m [1mNew Casks[0m
2025-11-24T12:18:13.1958270Z antigravity: AI Coding Agent IDE
2025-11-24T12:18:13.1959070Z ape: Software for DNA sequence analysis and annotation
2025-11-24T12:18:13.1959540Z appbox: iOS app distribution tool
2025-11-24T12:18:13.1959980Z athas: Lightweight code editor
2025-11-24T12:18:13.1960420Z butterkit: App Store screenshots editor
2025-11-24T12:18:13.1961190Z cadreader: CAD drawing viewer
2025-11-24T12:18:13.1961560Z chatglm: Desktop client for the ChatGLM AI chatbot
2025-11-24T12:18:13.1961930Z daruma: Track your goals using the Daruma Method
2025-11-24T12:18:13.1963250Z dotnet-sdk@9: Developer platform
2025-11-24T12:18:13.1964600Z filo: AI-powered email client designed for Gmail
2025-11-24T12:18:13.1965790Z font-amarna
2025-11-24T12:18:13.1968850Z font-geom
2025-11-24T12:18:13.1970650Z font-gveret-levin
2025-11-24T12:18:13.1973600Z font-line-seed-jp
2025-11-24T12:18:13.1976030Z font-myna
2025-11-24T12:18:13.1979150Z font-psudofont-liga-mono
2025-11-24T12:18:13.1981990Z font-sekuya
2025-11-24T12:18:13.1985880Z fontra-pak: Browser-based font editor
2025-11-24T12:18:13.1990750Z karing: Proxy utility
2025-11-24T12:18:13.1994340Z kimi: AI chat assistant from Moonshot
2025-11-24T12:18:13.1997790Z locu: Daily planner and focus timer
2025-11-24T12:18:13.2001740Z meituxiuxiu: Photo editing and beautification software
2025-11-24T12:18:13.2005810Z mountmate: Menubar app to easily manage external drives
2025-11-24T12:18:13.2009700Z mozregression-gui: Interactive regression range finder for Firefox and other Mozilla products
2025-11-24T12:18:13.2014530Z notepadexe: Lightweight code editor
2025-11-24T12:18:13.2018480Z okta-verify: Identity verification provider
2025-11-24T12:18:13.2024760Z qianwen: AI assistant and chatbot powered by Alibaba's Qwen model
2025-11-24T12:18:13.2031360Z qqnews: Tencent News client
2025-11-24T12:18:13.2037100Z shell360: Cross-platform SSH & SFTP client
2025-11-24T12:18:13.2042720Z sodamusic: Music app
2025-11-24T12:18:13.2049900Z taobao: Online Shopping Client
2025-11-24T12:18:13.2058740Z white-rabbit: SVG utility and optimiser
2025-11-24T12:18:13.2066420Z whodb: Database management tool with AI-powered features
2025-11-24T12:18:13.2106260Z wiso-steuer-2026: Tax declaration for the fiscal year 2025
2025-11-24T12:18:13.2107140Z zo: Friendly personal server
2025-11-24T12:18:13.7266190Z [34m==>[0m [1mOutdated Formulae[0m
2025-11-24T12:18:13.7285120Z aws-sam-cli
2025-11-24T12:18:13.7295920Z azure-cli
2025-11-24T12:18:13.7296460Z bicep
2025-11-24T12:18:13.7296730Z certifi
2025-11-24T12:18:13.7297070Z cmake
2025-11-24T12:18:13.7297430Z gh
2025-11-24T12:18:13.7297680Z git
2025-11-24T12:18:13.7297930Z glib
2025-11-24T12:18:13.7298330Z gnutls
2025-11-24T12:18:13.7301340Z gradle
2025-11-24T12:18:13.7301590Z harfbuzz
2025-11-24T12:18:13.7302220Z icu4c@77
2025-11-24T12:18:13.7302520Z libnghttp3
2025-11-24T12:18:13.7302760Z libngtcp2
2025-11-24T12:18:13.7302950Z libpng
2025-11-24T12:18:13.7303140Z libpq
2025-11-24T12:18:13.7303330Z ninja
2025-11-24T12:18:13.7303650Z packer
2025-11-24T12:18:13.7303860Z rpds-py
2025-11-24T12:18:13.7304050Z swiftformat
2025-11-24T12:18:13.7304250Z xcbeautify
2025-11-24T12:18:13.7304450Z yq
2025-11-24T12:18:13.7304980Z [34m==>[0m [1mOutdated Casks[0m
2025-11-24T12:18:13.7305240Z session-manager-plugin
2025-11-24T12:18:13.7305410Z 
2025-11-24T12:18:13.7305710Z You have [1m22[0m outdated formulae and [1m1[0m outdated cask installed.
2025-11-24T12:18:13.7306140Z You can upgrade them with [1mbrew upgrade[0m
2025-11-24T12:18:13.7306480Z or list them with [1mbrew outdated[0m.
2025-11-24T12:18:15.9079830Z [32m==>[0m [1mFetching downloads for: [32mmake[39m[0m
2025-11-24T12:18:16.2640600Z ✔︎ Bottle Manifest make (4.4.1)
2025-11-24T12:18:16.8963940Z ✔︎ Bottle make (4.4.1)
2025-11-24T12:18:17.0052020Z [34m==>[0m [1mPouring make--4.4.1.arm64_sonoma.bottle.1.tar.gz[0m
2025-11-24T12:18:17.1164320Z [34m==>[0m [1mCaveats[0m
2025-11-24T12:18:17.1170890Z GNU "make" has been installed as "gmake".
2025-11-24T12:18:17.1275990Z If you need to use it as "make", you can add a "gnubin" directory
2025-11-24T12:18:17.1341770Z to your PATH from your bashrc like:
2025-11-24T12:18:17.1350320Z 
2025-11-24T12:18:17.1350550Z     PATH="/opt/homebrew/opt/make/libexec/gnubin:$PATH"
2025-11-24T12:18:17.1351030Z [34m==>[0m [1mSummary[0m
2025-11-24T12:18:17.1351910Z 🍺  /opt/homebrew/Cellar/make/4.4.1: 17 files, 1.3MB
2025-11-24T12:18:17.1396470Z ##[group]Run brew install --cask temurin@8 || true
2025-11-24T12:18:17.1396850Z [36;1mbrew install --cask temurin@8 || true[0m
2025-11-24T12:18:17.1543260Z shell: /bin/bash -e {0}
2025-11-24T12:18:17.1543640Z ##[endgroup]
2025-11-24T12:18:17.9507690Z [34m==>[0m [1mCaveats[0m
2025-11-24T12:18:17.9509800Z temurin@8 is built for Intel macOS and so requires Rosetta 2 to be installed.
2025-11-24T12:18:17.9510270Z You can install Rosetta 2 with:
2025-11-24T12:18:17.9510730Z   softwareupdate --install-rosetta --agree-to-license
2025-11-24T12:18:17.9512430Z Note that it is very difficult to remove Rosetta 2 once it is installed.
2025-11-24T12:18:17.9543780Z 
2025-11-24T12:18:18.4090960Z [34m==>[0m [1mDownloading https://github.com/adoptium/temurin8-binaries/releases/download/jdk8u472-b08/OpenJDK8U-jdk_x64_mac_hotspot_8u472b08.pkg[0m
2025-11-24T12:18:18.4097690Z [34m==>[0m [1mDownloading from https://release-assets.githubusercontent.com/github-production-release-asset/372924428/9aeaee9a-6a0b-4f1e-8e9a-745548f2094f?sp=r&sv=2018-11-09&sr=b&spr=https&se=2025-11-24T13%3A04%3A08Z&rscd=attachment%3B+filename%3DOpenJDK8U-jdk_x64_mac_hotspot_8u472b08.pkg&rsct=application%2Foctet-stream&skoid=96c2d410-5711-43a1-aedd-ab1947aa7ab0&sktid=398a6654-997b-47e9-b12b-9515b896b4de&skt=2025-11-24T12%3A03%3A55Z&ske=2025-11-24T13%3A04%3A08Z&sks=b&skv=2018-11-09&sig=a5T2%2BaA0f3DFBR4dph4aTX7bK%2BcW6Ag924MzPnr5kYM%3D&jwt=***
2025-11-24T12:18:22.0872960Z [32m==>[0m [1mInstalling Cask [32mtemurin@8[39m[0m
2025-11-24T12:18:22.1658000Z [34m==>[0m [1mRunning installer for temurin@8 with `sudo` (which may request your password)...[0m
2025-11-24T12:18:47.4053660Z installer: Package name is Eclipse Temurin
2025-11-24T12:18:47.4054360Z installer: Installing at base path /
2025-11-24T12:18:47.4054680Z installer: The install was successful.
2025-11-24T12:18:47.4765810Z 🍺  temurin@8 was successfully installed!
2025-11-24T12:18:47.5330480Z ##[group]Run brew install ldid || true
2025-11-24T12:18:47.5330820Z [36;1mbrew install ldid || true[0m
2025-11-24T12:18:47.5598710Z shell: /bin/bash -e {0}
2025-11-24T12:18:47.5598940Z ##[endgroup]
2025-11-24T12:18:49.6003060Z [32m==>[0m [1mFetching downloads for: [32mldid[39m[0m
2025-11-24T12:18:50.0321820Z ✔︎ Bottle Manifest ldid (2.1.5_1)
2025-11-24T12:18:50.6125070Z ✔︎ Bottle Manifest libplist (2.7.0)
2025-11-24T12:18:50.6655310Z ✔︎ Bottle libplist (2.7.0)
2025-11-24T12:18:50.6655630Z ✔︎ Bottle ldid (2.1.5_1)
2025-11-24T12:18:50.8122030Z [32m==>[0m [1mInstalling ldid dependency: [32mlibplist[39m[0m
2025-11-24T12:18:50.8209850Z [34m==>[0m [1mPouring libplist--2.7.0.arm64_sonoma.bottle.tar.gz[0m
2025-11-24T12:18:51.1563580Z 🍺  /opt/homebrew/Cellar/libplist/2.7.0: 32 files, 662KB
2025-11-24T12:18:51.1570940Z [34m==>[0m [1mPouring ldid--2.1.5_1.arm64_sonoma.bottle.1.tar.gz[0m
2025-11-24T12:18:51.2257360Z 🍺  /opt/homebrew/Cellar/ldid/2.1.5_1: 6 files, 292.6KB
2025-11-24T12:18:51.2523490Z ##[group]Run echo "before"
2025-11-24T12:18:51.2523790Z [36;1mecho "before"[0m
2025-11-24T12:18:51.2524170Z [36;1mls -lah ./[0m
2025-11-24T12:18:51.2524320Z [36;1mrm -rf ./* || true[0m
2025-11-24T12:18:51.2524490Z [36;1mrm -rf ./.??* || true[0m
2025-11-24T12:18:51.2524660Z [36;1mecho "after"[0m
2025-11-24T12:18:51.2524810Z [36;1mls -lah ./[0m
2025-11-24T12:18:51.2578780Z shell: /bin/bash -e {0}
2025-11-24T12:18:51.2579030Z ##[endgroup]
2025-11-24T12:18:51.2824590Z before
2025-11-24T12:18:51.2844550Z total 0
2025-11-24T12:18:51.2844890Z drwxr-xr-x  2 runner  staff    64B Nov 24 12:17 .
2025-11-24T12:18:51.2845780Z drwxr-xr-x  3 runner  staff    96B Nov 24 12:17 ..
2025-11-24T12:18:51.2877880Z after
2025-11-24T12:18:51.2900330Z total 0
2025-11-24T12:18:51.2900730Z drwxr-xr-x  2 runner  staff    64B Nov 24 12:17 .
2025-11-24T12:18:51.2901540Z drwxr-xr-x  3 runner  staff    96B Nov 24 12:17 ..
2025-11-24T12:18:51.2995460Z ##[group]Run actions/checkout@v4
2025-11-24T12:18:51.2995720Z with:
2025-11-24T12:18:51.2995980Z   repository: herbrine8403/Amethyst-iOS-MyRemastered
2025-11-24T12:18:51.2996380Z   token: ***
2025-11-24T12:18:51.2996570Z   ssh-strict: true
2025-11-24T12:18:51.2996860Z   ssh-user: git
2025-11-24T12:18:51.2997000Z   persist-credentials: true
2025-11-24T12:18:51.2997190Z   clean: true
2025-11-24T12:18:51.2997350Z   sparse-checkout-cone-mode: true
2025-11-24T12:18:51.2997600Z   fetch-depth: 1
2025-11-24T12:18:51.2997870Z   fetch-tags: false
2025-11-24T12:18:51.2998040Z   show-progress: true
2025-11-24T12:18:51.2998310Z   lfs: false
2025-11-24T12:18:51.2998430Z   submodules: false
2025-11-24T12:18:51.2998590Z   set-safe-directory: true
2025-11-24T12:18:51.2998840Z ##[endgroup]
2025-11-24T12:18:51.5853700Z Syncing repository: herbrine8403/Amethyst-iOS-MyRemastered
2025-11-24T12:18:51.5854730Z ##[group]Getting Git version info
2025-11-24T12:18:51.5855150Z Working directory is '/Users/runner/work/Amethyst-iOS-MyRemastered/Amethyst-iOS-MyRemastered'
2025-11-24T12:18:51.5855650Z [command]/opt/homebrew/bin/git version
2025-11-24T12:18:51.5912570Z git version 2.50.1
2025-11-24T12:18:51.5943560Z ##[endgroup]
2025-11-24T12:18:51.5956410Z Copying '/Users/runner/.gitconfig' to '/Users/runner/work/_temp/d27c3fbc-83d2-4331-8663-06303d6c034b/.gitconfig'
2025-11-24T12:18:51.5963230Z Temporarily overriding HOME='/Users/runner/work/_temp/d27c3fbc-83d2-4331-8663-06303d6c034b' before making global git config changes
2025-11-24T12:18:51.5963790Z Adding repository directory to the temporary git global config as a safe directory
2025-11-24T12:18:51.5967360Z [command]/opt/homebrew/bin/git config --global --add safe.directory /Users/runner/work/Amethyst-iOS-MyRemastered/Amethyst-iOS-MyRemastered
2025-11-24T12:18:51.6130190Z Deleting the contents of '/Users/runner/work/Amethyst-iOS-MyRemastered/Amethyst-iOS-MyRemastered'
2025-11-24T12:18:51.6132140Z ##[group]Initializing the repository
2025-11-24T12:18:51.6132710Z [command]/opt/homebrew/bin/git init /Users/runner/work/Amethyst-iOS-MyRemastered/Amethyst-iOS-MyRemastered
2025-11-24T12:18:51.6188220Z hint: Using 'master' as the name for the initial branch. This default branch name
2025-11-24T12:18:51.6188780Z hint: is subject to change. To configure the initial branch name to use in all
2025-11-24T12:18:51.6189370Z hint: of your new repositories, which will suppress this warning, call:
2025-11-24T12:18:51.6189710Z hint:
2025-11-24T12:18:51.6190100Z hint: 	git config --global init.defaultBranch <name>
2025-11-24T12:18:51.6190490Z hint:
2025-11-24T12:18:51.6190780Z hint: Names commonly chosen instead of 'master' are 'main', 'trunk' and
2025-11-24T12:18:51.6191230Z hint: 'development'. The just-created branch can be renamed via this command:
2025-11-24T12:18:51.6191560Z hint:
2025-11-24T12:18:51.6191750Z hint: 	git branch -m <name>
2025-11-24T12:18:51.6191970Z hint:
2025-11-24T12:18:51.6192250Z hint: Disable this message with "git config set advice.defaultBranchName false"
2025-11-24T12:18:51.6193160Z Initialized empty Git repository in /Users/runner/work/Amethyst-iOS-MyRemastered/Amethyst-iOS-MyRemastered/.git/
2025-11-24T12:18:51.6195680Z [command]/opt/homebrew/bin/git remote add origin https://github.com/herbrine8403/Amethyst-iOS-MyRemastered
2025-11-24T12:18:51.6249980Z ##[endgroup]
2025-11-24T12:18:51.6251390Z ##[group]Disabling automatic garbage collection
2025-11-24T12:18:51.6257070Z [command]/opt/homebrew/bin/git config --local gc.auto 0
2025-11-24T12:18:51.6304790Z ##[endgroup]
2025-11-24T12:18:51.6305250Z ##[group]Setting up auth
2025-11-24T12:18:51.6311780Z [command]/opt/homebrew/bin/git config --local --name-only --get-regexp core\.sshCommand
2025-11-24T12:18:51.6361220Z [command]/opt/homebrew/bin/git submodule foreach --recursive sh -c "git config --local --name-only --get-regexp 'core\.sshCommand' && git config --local --unset-all 'core.sshCommand' || :"
2025-11-24T12:18:51.7203000Z [command]/opt/homebrew/bin/git config --local --name-only --get-regexp http\.https\:\/\/github\.com\/\.extraheader
2025-11-24T12:18:51.7244200Z [command]/opt/homebrew/bin/git submodule foreach --recursive sh -c "git config --local --name-only --get-regexp 'http\.https\:\/\/github\.com\/\.extraheader' && git config --local --unset-all 'http.https://github.com/.extraheader' || :"
2025-11-24T12:18:51.7771390Z [command]/opt/homebrew/bin/git config --local --name-only --get-regexp ^includeIf\.gitdir:
2025-11-24T12:18:51.7820980Z [command]/opt/homebrew/bin/git submodule foreach --recursive git config --local --show-origin --name-only --get-regexp remote.origin.url
2025-11-24T12:18:51.8461600Z [command]/opt/homebrew/bin/git config --local http.https://github.com/.extraheader AUTHORIZATION: basic ***
2025-11-24T12:18:51.8507950Z ##[endgroup]
2025-11-24T12:18:51.8508290Z ##[group]Fetching the repository
2025-11-24T12:18:51.8513630Z [command]/opt/homebrew/bin/git -c protocol.version=2 fetch --no-tags --prune --no-recurse-submodules --depth=1 origin +f701d74a1095405e8635a7944fc2637176490f90:refs/remotes/origin/main
2025-11-24T12:18:53.4295740Z From https://github.com/herbrine8403/Amethyst-iOS-MyRemastered
2025-11-24T12:18:53.4299620Z  * [new ref]         f701d74a1095405e8635a7944fc2637176490f90 -> origin/main
2025-11-24T12:18:53.4355650Z ##[endgroup]
2025-11-24T12:18:53.4356030Z ##[group]Determining the checkout info
2025-11-24T12:18:53.4358400Z ##[endgroup]
2025-11-24T12:18:53.4366120Z [command]/opt/homebrew/bin/git sparse-checkout disable
2025-11-24T12:18:53.4426900Z [command]/opt/homebrew/bin/git config --local --unset-all extensions.worktreeConfig
2025-11-24T12:18:53.4472740Z ##[group]Checking out the ref
2025-11-24T12:18:53.4475200Z [command]/opt/homebrew/bin/git checkout --progress --force -B main refs/remotes/origin/main
2025-11-24T12:18:53.7143540Z Switched to a new branch 'main'
2025-11-24T12:18:53.7147590Z branch 'main' set up to track 'origin/main'.
2025-11-24T12:18:53.7161820Z ##[endgroup]
2025-11-24T12:18:53.7224630Z [command]/opt/homebrew/bin/git log -1 --format=%H
2025-11-24T12:18:53.7269910Z f701d74a1095405e8635a7944fc2637176490f90
2025-11-24T12:18:53.7387630Z ##[group]Run git submodule update --init --recursive
2025-11-24T12:18:53.7387990Z [36;1mgit submodule update --init --recursive[0m
2025-11-24T12:18:53.7483340Z shell: /bin/bash -e {0}
2025-11-24T12:18:53.7483520Z ##[endgroup]
2025-11-24T12:18:53.8226750Z Submodule 'Natives/external/AFNetworking' (https://github.com/AFNetworking/AFNetworking) registered for path 'Natives/external/AFNetworking'
2025-11-24T12:18:53.8230500Z Submodule 'Natives/external/DBNumberedSlider' (https://github.com/khanhduytran0/DBNumberedSlider) registered for path 'Natives/external/DBNumberedSlider'
2025-11-24T12:18:53.8235370Z Submodule 'Natives/external/MobileGlues' (https://github.com/MobileGL-Dev/MobileGlues) registered for path 'Natives/external/MobileGlues'
2025-11-24T12:18:53.8243340Z Submodule 'Natives/external/fishhook' (https://github.com/khanhduytran0/fishhook) registered for path 'Natives/external/fishhook'
2025-11-24T12:18:53.8317580Z Cloning into '/Users/runner/work/Amethyst-iOS-MyRemastered/Amethyst-iOS-MyRemastered/Natives/external/AFNetworking'...
2025-11-24T12:18:55.0278320Z Cloning into '/Users/runner/work/Amethyst-iOS-MyRemastered/Amethyst-iOS-MyRemastered/Natives/external/DBNumberedSlider'...
2025-11-24T12:18:55.6319330Z Cloning into '/Users/runner/work/Amethyst-iOS-MyRemastered/Amethyst-iOS-MyRemastered/Natives/external/MobileGlues'...
2025-11-24T12:18:59.2127880Z Cloning into '/Users/runner/work/Amethyst-iOS-MyRemastered/Amethyst-iOS-MyRemastered/Natives/external/fishhook'...
2025-11-24T12:18:59.8628510Z Submodule path 'Natives/external/AFNetworking': checked out '4eaec5b586ddd897ebeda896e332a62a9fdab818'
2025-11-24T12:18:59.8918120Z Submodule path 'Natives/external/DBNumberedSlider': checked out '4eddc68b5f92247f8afc0f6114d1b92b338749f4'
2025-11-24T12:19:00.2854960Z Submodule path 'Natives/external/MobileGlues': checked out '66301d35d89749a3a1bef9b4c2494aa880388867'
2025-11-24T12:19:00.2957420Z Submodule 'src/main/cpp/3rdparty/glm' (https://github.com/g-truc/glm.git) registered for path 'Natives/external/MobileGlues/src/main/cpp/3rdparty/glm'
2025-11-24T12:19:00.2961620Z Submodule 'src/main/cpp/3rdparty/perfetto' (https://android.googlesource.com/platform/external/perfetto) registered for path 'Natives/external/MobileGlues/src/main/cpp/3rdparty/perfetto'
2025-11-24T12:19:00.2966700Z Submodule 'src/main/cpp/3rdparty/xxhash' (https://github.com/stbrumme/xxhash.git) registered for path 'Natives/external/MobileGlues/src/main/cpp/3rdparty/xxhash'
2025-11-24T12:19:00.2971360Z Submodule 'src/main/cpp/include/FastSTL' (https://github.com/MobileGL-Dev/FastSTL.git) registered for path 'Natives/external/MobileGlues/src/main/cpp/include/FastSTL'
2025-11-24T12:19:00.3074830Z Cloning into '/Users/runner/work/Amethyst-iOS-MyRemastered/Amethyst-iOS-MyRemastered/Natives/external/MobileGlues/src/main/cpp/3rdparty/glm'...
2025-11-24T12:19:03.8607520Z Cloning into '/Users/runner/work/Amethyst-iOS-MyRemastered/Amethyst-iOS-MyRemastered/Natives/external/MobileGlues/src/main/cpp/3rdparty/perfetto'...
2025-11-24T12:19:16.0325960Z Cloning into '/Users/runner/work/Amethyst-iOS-MyRemastered/Amethyst-iOS-MyRemastered/Natives/external/MobileGlues/src/main/cpp/3rdparty/xxhash'...
2025-11-24T12:19:16.5772290Z Cloning into '/Users/runner/work/Amethyst-iOS-MyRemastered/Amethyst-iOS-MyRemastered/Natives/external/MobileGlues/src/main/cpp/include/FastSTL'...
2025-11-24T12:19:17.3934290Z Submodule path 'Natives/external/MobileGlues/src/main/cpp/3rdparty/glm': checked out '2d4c4b4dd31fde06cfffad7915c2b3006402322f'
2025-11-24T12:19:19.0996770Z Submodule path 'Natives/external/MobileGlues/src/main/cpp/3rdparty/perfetto': checked out '33a4fd07897a9a648664926ea27769278a19ff13'
2025-11-24T12:19:19.1311630Z Submodule path 'Natives/external/MobileGlues/src/main/cpp/3rdparty/xxhash': checked out 'c2866db364b6ea3a11933e62235ddc166ba18565'
2025-11-24T12:19:19.1565340Z Submodule path 'Natives/external/MobileGlues/src/main/cpp/include/FastSTL': checked out '644b3b01e6e7dcb6a67818289d2fb9bbe85232f2'
2025-11-24T12:19:19.1845730Z Submodule path 'Natives/external/fishhook': checked out '27bedb2ab670cc51d7be06d538b249564b47cfbf'
2025-11-24T12:19:19.1977720Z ##[group]Run echo "sha=$(git ls-remote https://github.com/PojavLauncherTeam/gl4es-114-extra refs/heads/master | grep -io '^\S*')" >> $GITHUB_OUTPUT
2025-11-24T12:19:19.1978760Z [36;1mecho "sha=$(git ls-remote https://github.com/PojavLauncherTeam/gl4es-114-extra refs/heads/master | grep -io '^\S*')" >> $GITHUB_OUTPUT[0m
2025-11-24T12:19:19.2321910Z shell: /bin/bash -e {0}
2025-11-24T12:19:19.2322260Z ##[endgroup]
2025-11-24T12:19:19.7408180Z ##[group]Run export PATH=/opt/homebrew/bin:$PATH
2025-11-24T12:19:19.7409050Z [36;1mexport PATH=/opt/homebrew/bin:$PATH[0m
2025-11-24T12:19:19.7409300Z [36;1mexport SLIMMED=0[0m
2025-11-24T12:19:19.7409530Z [36;1mif [ "ios" == "ios" ]; then[0m
2025-11-24T12:19:19.7409840Z [36;1m  # Build ipa and tipa for iOS[0m
2025-11-24T12:19:19.7410170Z [36;1m  gmake -j$(sysctl -n hw.ncpu) dsym package PLATFORM=2[0m
2025-11-24T12:19:19.7413820Z [36;1m  gmake -j$(sysctl -n hw.ncpu) dsym package PLATFORM=2 TROLLSTORE_JIT_ENT=1[0m
2025-11-24T12:19:19.7414170Z [36;1melif [ "ios" == "tvos" ]; then[0m
2025-11-24T12:19:19.7414500Z [36;1m  # Build tipa only for tvOS[0m
2025-11-24T12:19:19.7414820Z [36;1m  gmake -j$(sysctl -n hw.ncpu) dsym package PLATFORM=2 TROLLSTORE_JIT_ENT=1[0m
2025-11-24T12:19:19.7415180Z [36;1melse[0m
2025-11-24T12:19:19.7415480Z [36;1m  # Build ipa only for everything else[0m
2025-11-24T12:19:19.7415870Z [36;1m  gmake -j$(sysctl -n hw.ncpu) dsym package PLATFORM=2[0m
2025-11-24T12:19:19.7416210Z [36;1mfi[0m
2025-11-24T12:19:19.7464060Z shell: /bin/bash -e {0}
2025-11-24T12:19:19.7464370Z env:
2025-11-24T12:19:19.7464600Z   IPHONEOS_DEPLOYMENT_TARGET: 14
2025-11-24T12:19:19.7464820Z ##[endgroup]
2025-11-24T12:19:19.8284660Z Makefile:55: Building on macOS.
2025-11-24T12:19:19.8285160Z Makefile:79: Set PLATFORM to 2, which is equal to iOS.
2025-11-24T12:19:23.4697950Z [Amethyst v1.0] native - start
2025-11-24T12:19:23.4828260Z [Amethyst v1.0] java - start
2025-11-24T12:19:23.4834030Z [Amethyst v1.0] assets - start
2025-11-24T12:19:23.4858050Z gmake[1]: warning: -j3 forced in submake: resetting jobserver mode.
2025-11-24T12:19:23.4858620Z gmake[1]: Entering directory '/Users/runner/work/Amethyst-iOS-MyRemastered/Amethyst-iOS-MyRemastered/JavaApp'
2025-11-24T12:19:23.4942520Z CMake Warning:
2025-11-24T12:19:23.4943070Z   Ignoring extra path from command line:
2025-11-24T12:19:23.4943440Z 
2025-11-24T12:19:23.4943930Z    "/Users/runner/work/Amethyst-iOS-MyRemastered/Amethyst-iOS-MyRemastered/Natives/build"
2025-11-24T12:19:23.4944330Z 
2025-11-24T12:19:23.4944340Z 
2025-11-24T12:19:23.4944390Z CMake Warning:
2025-11-24T12:19:23.4944620Z   Ignoring extra path from command line:
2025-11-24T12:19:23.4944770Z 
2025-11-24T12:19:23.4944920Z    "."
2025-11-24T12:19:23.4945060Z 
2025-11-24T12:19:23.4945060Z 
2025-11-24T12:19:23.5037040Z Compiling src/launcher/net/kdt/pojavlaunch/LWJGLGLFWKeycode.java
2025-11-24T12:19:23.5048570Z Compiling src/launcher/net/kdt/pojavlaunch/PojavClassLoader.java
2025-11-24T12:19:23.5049160Z CMake Deprecation Warning at CMakeLists.txt:1 (cmake_minimum_required):
2025-11-24T12:19:23.5067910Z   Compatibility with CMake < 3.10 will be removed from a future version of
2025-11-24T12:19:23.5068370Z Compiling src/launcher/net/kdt/pojavlaunch/PojavLauncher.java
2025-11-24T12:19:23.5091680Z   CMake.
2025-11-24T12:19:23.5209320Z 
2025-11-24T12:19:23.5318160Z   Update the VERSION argument <min> value.  Or, use the <min>...<max> syntax
2025-11-24T12:19:23.5438480Z   to tell CMake that the project requires at least <min> but has been updated
2025-11-24T12:19:23.5543450Z   to work with policies introduced by <max> or earlier.
2025-11-24T12:19:23.5645640Z 
2025-11-24T12:19:23.5768660Z 
2025-11-24T12:19:24.2306500Z -- The C compiler identification is AppleClang 15.0.0.15000309
2025-11-24T12:19:26.4563540Z Compiling src/launcher/net/kdt/pojavlaunch/uikit/UIKitCallback.java
2025-11-24T12:19:27.3186530Z Note: src/launcher/net/kdt/pojavlaunch/PojavClassLoader.java uses or overrides a deprecated API.
2025-11-24T12:19:27.3287770Z Note: Recompile with -Xlint:deprecation for details.
2025-11-24T12:19:27.3487860Z Compiling src/launcher/net/kdt/pojavlaunch/uikit/UIKit.java
2025-11-24T12:19:27.6929900Z -- The CXX compiler identification is AppleClang 15.0.0.15000309
2025-11-24T12:19:27.7550860Z -- Detecting C compiler ABI info
2025-11-24T12:19:27.9396560Z -- Detecting C compiler ABI info - done
2025-11-24T12:19:27.9498050Z -- Check for working C compiler: /usr/bin/cc - skipped
2025-11-24T12:19:27.9599100Z -- Detecting C compile features
2025-11-24T12:19:27.9700690Z -- Detecting C compile features - done
2025-11-24T12:19:27.9801810Z -- Detecting CXX compiler ABI info
2025-11-24T12:19:28.1342390Z -- Detecting CXX compiler ABI info - done
2025-11-24T12:19:28.1443870Z -- Check for working CXX compiler: /usr/bin/c++ - skipped
2025-11-24T12:19:28.1544920Z -- Detecting CXX compile features
2025-11-24T12:19:28.1645910Z -- Detecting CXX compile features - done
2025-11-24T12:19:28.1749070Z -- Including mod loader icon in bundle: fabric_dark.png
2025-11-24T12:19:28.1850150Z -- Including mod loader icon in bundle: fabric_light.png
2025-11-24T12:19:28.1951540Z -- Including mod loader icon in bundle: forge_dark.png
2025-11-24T12:19:28.2051810Z -- Including mod loader icon in bundle: forge_light.png
2025-11-24T12:19:28.2153680Z -- Including mod loader icon in bundle: neoforge_dark.png
2025-11-24T12:19:28.2254390Z -- Including mod loader icon in bundle: neoforge_light.png
2025-11-24T12:19:28.2354750Z gmake[1]: warning: -j3 forced in submake: resetting jobserver mode.
2025-11-24T12:19:28.2355320Z -- minizip folder not found, skipping minizip compilation.
2025-11-24T12:19:28.2456780Z -- Configuring done (4.7s)
2025-11-24T12:19:28.2581090Z -- Generating done (0.1s)
2025-11-24T12:19:28.2684150Z -- Build files have been written to: /Users/runner/work/Amethyst-iOS-MyRemastered/Amethyst-iOS-MyRemastered/Natives/build
2025-11-24T12:19:28.2791400Z gmake[1]: Entering directory '/Users/runner/work/Amethyst-iOS-MyRemastered/Amethyst-iOS-MyRemastered/Natives/build'
2025-11-24T12:19:28.2893490Z [  1%] Building C object CMakeFiles/tinygl4angle.dir/external/gl4es/string_utils.c.o
2025-11-24T12:19:28.3015340Z [  2%] Building C object CMakeFiles/awt_headless.dir/awt_xawt/empty.m.o
2025-11-24T12:19:28.3151740Z [  2%] Building C object CMakeFiles/AFNetworking.dir/external/AFNetworking/AFNetworking/AFSecurityPolicy.m.o
2025-11-24T12:19:28.3363700Z [  3%] Linking C shared library libawt_headless.dylib
2025-11-24T12:19:28.4282740Z [  4%] Building C object CMakeFiles/tinygl4angle.dir/external/gl4es/tinygl4angle.c.o
2025-11-24T12:19:28.7745820Z /Users/runner/work/Amethyst-iOS-MyRemastered/Amethyst-iOS-MyRemastered/Natives/external/AFNetworking/AFNetworking/AFSecurityPolicy.m:68:46: warning: 'SecTrustCopyPublicKey' is deprecated: first deprecated in iOS 14.0 [-Wdeprecated-declarations]
2025-11-24T12:19:28.7849310Z     allowedPublicKey = (__bridge_transfer id)SecTrustCopyPublicKey(allowedTrust);
2025-11-24T12:19:28.7956300Z                                              ^~~~~~~~~~~~~~~~~~~~~
2025-11-24T12:19:28.8057920Z                                              SecTrustCopyKey
2025-11-24T12:19:28.8118020Z [  4%] Built target awt_headless
2025-11-24T12:19:28.8164560Z /Applications/Xcode_15.4.app/Contents/Developer/Platforms/iPhoneOS.platform/Developer/SDKs/iPhoneOS17.5.sdk/System/Library/Frameworks/Security.framework/Headers/SecTrust.h:476:11: note: 'SecTrustCopyPublicKey' has been explicitly marked deprecated here
2025-11-24T12:19:28.8267280Z SecKeyRef SecTrustCopyPublicKey(SecTrustRef trust)
2025-11-24T12:19:28.8267790Z [  5%] Building C object CMakeFiles/AFNetworking.dir/external/AFNetworking/AFNetworking/AFHTTPSessionManager.m.o
2025-11-24T12:19:28.8375180Z           ^
2025-11-24T12:19:28.8380340Z [  6%] Building C object CMakeFiles/AmethystAccountJNI.dir/authenticator/MinecraftAccountJNI.m.o
2025-11-24T12:19:28.8515180Z /Users/runner/work/Amethyst-iOS-MyRemastered/Amethyst-iOS-MyRemastered/Natives/external/AFNetworking/AFNetworking/AFSecurityPolicy.m:129:53: warning: 'SecTrustCopyPublicKey' is deprecated: first deprecated in iOS 14.0 [-Wdeprecated-declarations]
2025-11-24T12:19:28.8629130Z         [trustChain addObject:(__bridge_transfer id)SecTrustCopyPublicKey(trust)];
2025-11-24T12:19:28.8730340Z                                                     ^~~~~~~~~~~~~~~~~~~~~
2025-11-24T12:19:28.8832080Z                                                     SecTrustCopyKey
2025-11-24T12:19:28.8934120Z /Applications/Xcode_15.4.app/Contents/Developer/Platforms/iPhoneOS.platform/Developer/SDKs/iPhoneOS17.5.sdk/System/Library/Frameworks/Security.framework/Headers/SecTrust.h:476:11: note: 'SecTrustCopyPublicKey' has been explicitly marked deprecated here
2025-11-24T12:19:28.9034520Z SecKeyRef SecTrustCopyPublicKey(SecTrustRef trust)
2025-11-24T12:19:28.9135450Z           ^
2025-11-24T12:19:28.9236210Z 2 warnings generated.
2025-11-24T12:19:29.5889150Z [  7%] Linking C shared library libtinygl4angle.dylib
2025-11-24T12:19:30.0996020Z [  8%] Linking C shared library libAmethystAccountJNI.dylib
2025-11-24T12:19:30.2059650Z [  8%] Built target tinygl4angle
2025-11-24T12:19:30.2362950Z [  9%] Building C object CMakeFiles/awt_xawt.dir/awt_xawt/xawt_fake.m.o
2025-11-24T12:19:30.2871630Z [ 10%] Linking C shared library libawt_xawt.dylib
2025-11-24T12:19:30.6244290Z [ 10%] Built target AmethystAccountJNI
2025-11-24T12:19:30.6347310Z [ 11%] Building C object CMakeFiles/AFNetworking.dir/external/AFNetworking/AFNetworking/AFURLRequestSerialization.m.o
2025-11-24T12:19:30.8579120Z [ 11%] Built target awt_xawt
2025-11-24T12:19:30.8680190Z [ 12%] Building C object CMakeFiles/AFNetworking.dir/external/AFNetworking/AFNetworking/AFURLSessionManager.m.o
2025-11-24T12:19:31.0197710Z [ 13%] Building C object CMakeFiles/AFNetworking.dir/external/AFNetworking/AFNetworking/AFNetworkReachabilityManager.m.o
2025-11-24T12:19:32.8340810Z Compiling src/launcher/net/kdt/pojavlaunch/value/launcherprofiles/MinecraftSelectedUser.java
2025-11-24T12:19:32.8854190Z [ 14%] Building C object CMakeFiles/AFNetworking.dir/external/AFNetworking/AFNetworking/AFURLResponseSerialization.m.o
2025-11-24T12:19:34.6509380Z [ 15%] Building C object CMakeFiles/AFNetworking.dir/external/AFNetworking/UIKit+AFNetworking/AFNetworkActivityIndicatorManager.m.o
2025-11-24T12:19:35.0925740Z [ 16%] Building C object CMakeFiles/AFNetworking.dir/external/AFNetworking/UIKit+AFNetworking/AFAutoPurgingImageCache.m.o
2025-11-24T12:19:35.8875430Z [ 17%] Building C object CMakeFiles/AFNetworking.dir/external/AFNetworking/UIKit+AFNetworking/AFImageDownloader.m.o
2025-11-24T12:19:37.0477320Z /Users/runner/work/Amethyst-iOS-MyRemastered/Amethyst-iOS-MyRemastered/Natives/external/AFNetworking/UIKit+AFNetworking/AFNetworkActivityIndicatorManager.m:118:48: warning: 'setNetworkActivityIndicatorVisible:' is deprecated: first deprecated in iOS 13.0 - Provide a custom network activity UI in your app if desired. [-Wdeprecated-declarations]
2025-11-24T12:19:37.0577470Z             [[UIApplication sharedApplication] setNetworkActivityIndicatorVisible:networkActivityIndicatorVisible];
2025-11-24T12:19:37.0677750Z                                                ^
2025-11-24T12:19:37.0779770Z /Applications/Xcode_15.4.app/Contents/Developer/Platforms/iPhoneOS.platform/Developer/SDKs/iPhoneOS17.5.sdk/System/Library/Frameworks/UIKit.framework/Headers/UIApplication.h:113:68: note: property 'networkActivityIndicatorVisible' is declared deprecated here
2025-11-24T12:19:37.0882130Z @property(nonatomic,getter=isNetworkActivityIndicatorVisible) BOOL networkActivityIndicatorVisible API_UNAVAILABLE(tvos) API_DEPRECATED("Provide a custom network activity UI in your app if desired.", ios(2.0, 13.0)) API_UNAVAILABLE(visionos);
2025-11-24T12:19:37.0982000Z                                                                    ^
2025-11-24T12:19:37.0982580Z [ 18%] Building C object CMakeFiles/AFNetworking.dir/external/AFNetworking/UIKit+AFNetworking/UIButton+AFNetworking.m.o
2025-11-24T12:19:37.1083480Z /Applications/Xcode_15.4.app/Contents/Developer/Platforms/iPhoneOS.platform/Developer/SDKs/iPhoneOS17.5.sdk/System/Library/Frameworks/UIKit.framework/Headers/UIApplication.h:113:68: note: 'setNetworkActivityIndicatorVisible:' has been explicitly marked deprecated here
2025-11-24T12:19:37.1183210Z 1 warning generated.
2025-11-24T12:19:37.2489400Z [ 19%] Building C object CMakeFiles/AFNetworking.dir/external/AFNetworking/UIKit+AFNetworking/UIImageView+AFNetworking.m.o
2025-11-24T12:19:38.3129390Z <?xml version="1.0" encoding="UTF-8"?>
2025-11-24T12:19:38.3236840Z <!DOCTYPE plist PUBLIC "-//Apple//DTD PLIST 1.0//EN" "http://www.apple.com/DTDs/PropertyList-1.0.dtd">
2025-11-24T12:19:38.3330020Z <plist version="1.0">
2025-11-24T12:19:38.3430860Z <dict>
2025-11-24T12:19:38.3531350Z 	<key>com.apple.actool.compilation-results</key>
2025-11-24T12:19:38.3631860Z 	<dict>
2025-11-24T12:19:38.3732650Z 		<key>output-files</key>
2025-11-24T12:19:38.3833290Z 		<array>
2025-11-24T12:19:38.3934510Z 			<string>/Users/runner/work/Amethyst-iOS-MyRemastered/Amethyst-iOS-MyRemastered/Natives/resources/AppIcon-Light60x60@2x.png</string>
2025-11-24T12:19:38.4036100Z 			<string>/Users/runner/work/Amethyst-iOS-MyRemastered/Amethyst-iOS-MyRemastered/Natives/resources/AppIcon-Light76x76@2x~ipad.png</string>
2025-11-24T12:19:38.4154430Z 			<string>/Users/runner/work/Amethyst-iOS-MyRemastered/Amethyst-iOS-MyRemastered/Natives/resources/Assets.car</string>
2025-11-24T12:19:38.4255400Z 			<string>/dev/null</string>
2025-11-24T12:19:38.4356450Z 		</array>
2025-11-24T12:19:38.4457410Z 	</dict>
2025-11-24T12:19:38.4557840Z </dict>
2025-11-24T12:19:38.4658510Z </plist>
2025-11-24T12:19:38.4759000Z [Amethyst v1.0] assets - end
2025-11-24T12:19:38.4860360Z Compiling src/launcher/net/kdt/pojavlaunch/value/launcherprofiles/MinecraftResolution.java
2025-11-24T12:19:38.4961010Z [ 20%] Linking C shared library libAFNetworking.dylib
2025-11-24T12:19:38.5061070Z [ 20%] Built target AFNetworking
2025-11-24T12:19:38.5362480Z [ 21%] Building C object CMakeFiles/AngelAuraAmethyst.dir/dyld_bypass_validation.m.o
2025-11-24T12:19:38.5476470Z [ 22%] Building C object CMakeFiles/AngelAuraAmethyst.dir/dyld_patch_platform.m.o
2025-11-24T12:19:38.5591760Z [ 23%] Building C object CMakeFiles/AngelAuraAmethyst.dir/main.m.o
2025-11-24T12:19:38.6997600Z [ 24%] Building C object CMakeFiles/AngelAuraAmethyst.dir/main_hook.m.o
2025-11-24T12:19:39.2787580Z [ 25%] Building C object CMakeFiles/AngelAuraAmethyst.dir/JavaLauncher.m.o
2025-11-24T12:19:40.0646950Z [ 26%] Building C object CMakeFiles/AngelAuraAmethyst.dir/external/fishhook/fishhook.c.o
2025-11-24T12:19:40.1349800Z [ 27%] Building C object CMakeFiles/AngelAuraAmethyst.dir/UIKit+hook.m.o
2025-11-24T12:19:40.1451400Z [ 27%] Building C object CMakeFiles/AngelAuraAmethyst.dir/authenticator/BaseAuthenticator.m.o
2025-11-24T12:19:40.3760090Z [ 28%] Building C object CMakeFiles/AngelAuraAmethyst.dir/authenticator/LocalAuthenticator.m.o
2025-11-24T12:19:40.6176740Z [ 29%] Building C object CMakeFiles/AngelAuraAmethyst.dir/authenticator/MicrosoftAuthenticator.m.o
2025-11-24T12:19:40.9902850Z [ 30%] Building C object CMakeFiles/AngelAuraAmethyst.dir/authenticator/ThirdPartyAuthenticator.m.o
2025-11-24T12:19:41.1216270Z [ 31%] Building C object CMakeFiles/AngelAuraAmethyst.dir/ctxbridges/gl_bridge.m.o
2025-11-24T12:19:41.2119080Z Compiling src/launcher/net/kdt/pojavlaunch/value/launcherprofiles/MinecraftProfile.java
2025-11-24T12:19:41.5228830Z [ 32%] Building C object CMakeFiles/AngelAuraAmethyst.dir/ctxbridges/osm_bridge.m.o
2025-11-24T12:19:41.7747090Z [ 33%] Building C object CMakeFiles/AngelAuraAmethyst.dir/customcontrols/ControlButton.m.o
2025-11-24T12:19:42.6086420Z [ 34%] Building C object CMakeFiles/AngelAuraAmethyst.dir/customcontrols/ControlDrawer.m.o
2025-11-24T12:19:42.6387530Z [ 35%] Building C object CMakeFiles/AngelAuraAmethyst.dir/customcontrols/ControlJoystick.m.o
2025-11-24T12:19:43.0907330Z [ 36%] Building C object CMakeFiles/AngelAuraAmethyst.dir/customcontrols/ControlLayout.m.o
2025-11-24T12:19:43.5222120Z [ 37%] Building C object CMakeFiles/AngelAuraAmethyst.dir/customcontrols/ControlSubButton.m.o
2025-11-24T12:19:43.6426230Z [ 38%] Building C object CMakeFiles/AngelAuraAmethyst.dir/customcontrols/CustomControlsUtils.m.o
2025-11-24T12:19:43.8132130Z Note: src/launcher/net/kdt/pojavlaunch/PojavClassLoader.java uses or overrides a deprecated API.
2025-11-24T12:19:43.8232400Z Note: Recompile with -Xlint:deprecation for details.
2025-11-24T12:19:43.8333030Z Note: Some input files use unchecked or unsafe operations.
2025-11-24T12:19:43.8434270Z Note: Recompile with -Xlint:unchecked for details.
2025-11-24T12:19:43.8434740Z Compiling src/launcher/net/kdt/pojavlaunch/value/launcherprofiles/MinecraftLauncherProfiles.java
2025-11-24T12:19:44.0745900Z [ 39%] Building C object CMakeFiles/AngelAuraAmethyst.dir/customcontrols/NSPredicateUtilitiesExternal.m.o
2025-11-24T12:19:44.1047700Z Compiling src/launcher/net/kdt/pojavlaunch/value/launcherprofiles/LauncherProfiles.java
2025-11-24T12:19:44.3555380Z [ 40%] Building C object CMakeFiles/AngelAuraAmethyst.dir/external/DBNumberedSlider/Classes/DBNumberedSlider.m.o
2025-11-24T12:19:44.4759190Z [ 41%] Building C object CMakeFiles/AngelAuraAmethyst.dir/external/NRFileManager/NSFileManager+NRFileManager.m.o
2025-11-24T12:19:44.7974340Z [ 42%] Building C object CMakeFiles/AngelAuraAmethyst.dir/external/ballpa1n/HostManager.c.o
2025-11-24T12:19:44.8975640Z [ 43%] Building C object CMakeFiles/AngelAuraAmethyst.dir/external/ballpa1n/wrapped/HostManagerBridge.m.o
2025-11-24T12:19:45.0006400Z [ 44%] Building C object CMakeFiles/AngelAuraAmethyst.dir/installer/FabricInstallViewController.m.o
2025-11-24T12:19:45.2113280Z [ 45%] Building C object CMakeFiles/AngelAuraAmethyst.dir/installer/ForgeInstallViewController.m.o
2025-11-24T12:19:45.4019120Z [ 46%] Building C object CMakeFiles/AngelAuraAmethyst.dir/installer/ModpackInstallViewController.m.o
2025-11-24T12:19:46.3857310Z [ 47%] Building C object CMakeFiles/AngelAuraAmethyst.dir/installer/FabricUtils.m.o
2025-11-24T12:19:46.6427940Z [ 47%] Building C object CMakeFiles/AngelAuraAmethyst.dir/installer/modpack/ModpackUtils.m.o
2025-11-24T12:19:46.7531440Z In file included from /Users/runner/work/Amethyst-iOS-MyRemastered/Amethyst-iOS-MyRemastered/Natives/installer/ModpackInstallViewController.m:4:
2025-11-24T12:19:46.7634060Z In file included from /Users/runner/work/Amethyst-iOS-MyRemastered/Amethyst-iOS-MyRemastered/Natives/external/AFNetworking/UIKit+AFNetworking/UIKit+AFNetworking.h:40:
2025-11-24T12:19:46.7736400Z In file included from /Users/runner/work/Amethyst-iOS-MyRemastered/Amethyst-iOS-MyRemastered/Natives/external/AFNetworking/UIKit+AFNetworking/WKWebView+AFNetworking.h:29:
2025-11-24T12:19:46.7737690Z [ 48%] Building C object CMakeFiles/AngelAuraAmethyst.dir/installer/modpack/ModpackAPI.m.o
2025-11-24T12:19:46.7850520Z In file included from /Applications/Xcode_15.4.app/Contents/Developer/Platforms/iPhoneOS.platform/Developer/SDKs/iPhoneOS17.5.sdk/System/Cryptexes/OS/System/Library/Frameworks/WebKit.framework/Headers/WebKit.h:34:
2025-11-24T12:19:46.7954920Z /Applications/Xcode_15.4.app/Contents/Developer/Platforms/iPhoneOS.platform/Developer/SDKs/iPhoneOS17.5.sdk/System/Cryptexes/OS/System/Library/Frameworks/WebKit.framework/Headers/WKDownloadDelegate.h:59:19: warning: 'WKDownload' is only available on iOS 14.5 or newer [-Wunguarded-availability-new]
2025-11-24T12:19:46.8058080Z - (void)download:(WKDownload *)download decideDestinationUsingResponse:(NSURLResponse *)response suggestedFilename:(NSString *)suggestedFilename completionHandler:(void (^)(NSURL * _Nullable destination))completionHandler;
2025-11-24T12:19:46.8159030Z                   ^
2025-11-24T12:19:46.8260900Z /Applications/Xcode_15.4.app/Contents/Developer/Platforms/iPhoneOS.platform/Developer/SDKs/iPhoneOS17.5.sdk/System/Cryptexes/OS/System/Library/Frameworks/WebKit.framework/Headers/WKDownload.h:37:12: note: 'WKDownload' has been marked as being introduced in iOS 14.5 here, but the deployment target is iOS 14.0.0
2025-11-24T12:19:46.8362780Z @interface WKDownload : NSObject<NSProgressReporting>
2025-11-24T12:19:46.8463890Z            ^
2025-11-24T12:19:46.8565820Z /Applications/Xcode_15.4.app/Contents/Developer/Platforms/iPhoneOS.platform/Developer/SDKs/iPhoneOS17.5.sdk/System/Cryptexes/OS/System/Library/Frameworks/WebKit.framework/Headers/WKDownloadDelegate.h:59:1: note: annotate 'download:decideDestinationUsingResponse:suggestedFilename:completionHandler:' with an availability attribute to silence this warning
2025-11-24T12:19:46.8668710Z - (void)download:(WKDownload *)download decideDestinationUsingResponse:(NSURLResponse *)response suggestedFilename:(NSString *)suggestedFilename completionHandler:(void (^)(NSURL * _Nullable destination))completionHandler;
2025-11-24T12:19:46.8769070Z ^
2025-11-24T12:19:46.8869550Z                                                                                                                                                                                                                               API_AVAILABLE(ios(14.5))
2025-11-24T12:19:46.8970690Z /Applications/Xcode_15.4.app/Contents/Developer/Platforms/iPhoneOS.platform/Developer/SDKs/iPhoneOS17.5.sdk/System/Cryptexes/OS/System/Library/Frameworks/WebKit.framework/Headers/WKDownloadDelegate.h:71:19: warning: 'WKDownload' is only available on iOS 14.5 or newer [-Wunguarded-availability-new]
2025-11-24T12:19:46.9093940Z - (void)download:(WKDownload *)download willPerformHTTPRedirection:(NSHTTPURLResponse *)response newRequest:(NSURLRequest *)request decisionHandler:(void (^)(WKDownloadRedirectPolicy))decisionHandler WK_SWIFT_ASYNC_NAME(download(_:decidedPolicyForHTTPRedirection:newRequest:)) WK_SWIFT_ASYNC(4);
2025-11-24T12:19:46.9193650Z                   ^
2025-11-24T12:19:46.9294750Z /Applications/Xcode_15.4.app/Contents/Developer/Platforms/iPhoneOS.platform/Developer/SDKs/iPhoneOS17.5.sdk/System/Cryptexes/OS/System/Library/Frameworks/WebKit.framework/Headers/WKDownload.h:37:12: note: 'WKDownload' has been marked as being introduced in iOS 14.5 here, but the deployment target is iOS 14.0.0
2025-11-24T12:19:46.9394400Z @interface WKDownload : NSObject<NSProgressReporting>
2025-11-24T12:19:46.9495270Z            ^
2025-11-24T12:19:46.9597120Z /Applications/Xcode_15.4.app/Contents/Developer/Platforms/iPhoneOS.platform/Developer/SDKs/iPhoneOS17.5.sdk/System/Cryptexes/OS/System/Library/Frameworks/WebKit.framework/Headers/WKDownloadDelegate.h:71:1: note: annotate 'download:willPerformHTTPRedirection:newRequest:decisionHandler:' with an availability attribute to silence this warning
2025-11-24T12:19:46.9697490Z - (void)download:(WKDownload *)download willPerformHTTPRedirection:(NSHTTPURLResponse *)response newRequest:(NSURLRequest *)request decisionHandler:(void (^)(WKDownloadRedirectPolicy))decisionHandler WK_SWIFT_ASYNC_NAME(download(_:decidedPolicyForHTTPRedirection:newRequest:)) WK_SWIFT_ASYNC(4);
2025-11-24T12:19:46.9799350Z ^
2025-11-24T12:19:46.9899960Z                                                                                                                                                                                                                                                                                                        API_AVAILABLE(ios(14.5))
2025-11-24T12:19:47.0001430Z /Applications/Xcode_15.4.app/Contents/Developer/Platforms/iPhoneOS.platform/Developer/SDKs/iPhoneOS17.5.sdk/System/Cryptexes/OS/System/Library/Frameworks/WebKit.framework/Headers/WKDownloadDelegate.h:71:159: warning: 'WKDownloadRedirectPolicy' is only available on iOS 14.5 or newer [-Wunguarded-availability-new]
2025-11-24T12:19:47.0101650Z - (void)download:(WKDownload *)download willPerformHTTPRedirection:(NSHTTPURLResponse *)response newRequest:(NSURLRequest *)request decisionHandler:(void (^)(WKDownloadRedirectPolicy))decisionHandler WK_SWIFT_ASYNC_NAME(download(_:decidedPolicyForHTTPRedirection:newRequest:)) WK_SWIFT_ASYNC(4);
2025-11-24T12:19:47.0201470Z                                                                                                                                                               ^
2025-11-24T12:19:47.0303510Z /Applications/Xcode_15.4.app/Contents/Developer/Platforms/iPhoneOS.platform/Developer/SDKs/iPhoneOS17.5.sdk/System/Cryptexes/OS/System/Library/Frameworks/WebKit.framework/Headers/WKDownloadDelegate.h:36:28: note: 'WKDownloadRedirectPolicy' has been marked as being introduced in iOS 14.5 here, but the deployment target is iOS 14.0.0
2025-11-24T12:19:47.0406000Z typedef NS_ENUM(NSInteger, WKDownloadRedirectPolicy) {
2025-11-24T12:19:47.0406820Z [ 49%] Building C object CMakeFiles/AngelAuraAmethyst.dir/installer/modpack/ModrinthAPI.m.o
2025-11-24T12:19:47.0506370Z                            ^
2025-11-24T12:19:47.0608420Z /Applications/Xcode_15.4.app/Contents/Developer/Platforms/iPhoneOS.platform/Developer/SDKs/iPhoneOS17.5.sdk/System/Cryptexes/OS/System/Library/Frameworks/WebKit.framework/Headers/WKDownloadDelegate.h:71:1: note: annotate 'download:willPerformHTTPRedirection:newRequest:decisionHandler:' with an availability attribute to silence this warning
2025-11-24T12:19:47.0711430Z - (void)download:(WKDownload *)download willPerformHTTPRedirection:(NSHTTPURLResponse *)response newRequest:(NSURLRequest *)request decisionHandler:(void (^)(WKDownloadRedirectPolicy))decisionHandler WK_SWIFT_ASYNC_NAME(download(_:decidedPolicyForHTTPRedirection:newRequest:)) WK_SWIFT_ASYNC(4);
2025-11-24T12:19:47.0811160Z ^
2025-11-24T12:19:47.0912070Z                                                                                                                                                                                                                                                                                                        API_AVAILABLE(ios(14.5))
2025-11-24T12:19:47.1013160Z /Applications/Xcode_15.4.app/Contents/Developer/Platforms/iPhoneOS.platform/Developer/SDKs/iPhoneOS17.5.sdk/System/Cryptexes/OS/System/Library/Frameworks/WebKit.framework/Headers/WKDownloadDelegate.h:83:19: warning: 'WKDownload' is only available on iOS 14.5 or newer [-Wunguarded-availability-new]
2025-11-24T12:19:47.1114050Z - (void)download:(WKDownload *)download didReceiveAuthenticationChallenge:(NSURLAuthenticationChallenge *)challenge completionHandler:(void (^)(NSURLSessionAuthChallengeDisposition, NSURLCredential * _Nullable))completionHandler WK_SWIFT_ASYNC_NAME(download(_:respondTo:));
2025-11-24T12:19:47.1215350Z                   ^
2025-11-24T12:19:47.1317400Z /Applications/Xcode_15.4.app/Contents/Developer/Platforms/iPhoneOS.platform/Developer/SDKs/iPhoneOS17.5.sdk/System/Cryptexes/OS/System/Library/Frameworks/WebKit.framework/Headers/WKDownload.h:37:12: note: 'WKDownload' has been marked as being introduced in iOS 14.5 here, but the deployment target is iOS 14.0.0
2025-11-24T12:19:47.1318470Z @interface WKDownload : NSObject<NSProgressReporting>
2025-11-24T12:19:47.1419270Z            ^
2025-11-24T12:19:47.1520900Z /Applications/Xcode_15.4.app/Contents/Developer/Platforms/iPhoneOS.platform/Developer/SDKs/iPhoneOS17.5.sdk/System/Cryptexes/OS/System/Library/Frameworks/WebKit.framework/Headers/WKDownloadDelegate.h:83:1: note: annotate 'download:didReceiveAuthenticationChallenge:completionHandler:' with an availability attribute to silence this warning
2025-11-24T12:19:47.1623400Z - (void)download:(WKDownload *)download didReceiveAuthenticationChallenge:(NSURLAuthenticationChallenge *)challenge completionHandler:(void (^)(NSURLSessionAuthChallengeDisposition, NSURLCredential * _Nullable))completionHandler WK_SWIFT_ASYNC_NAME(download(_:respondTo:));
2025-11-24T12:19:47.1725050Z ^
2025-11-24T12:19:47.1826180Z                                                                                                                                                                                                                                                                                  API_AVAILABLE(ios(14.5))
2025-11-24T12:19:47.1928050Z /Applications/Xcode_15.4.app/Contents/Developer/Platforms/iPhoneOS.platform/Developer/SDKs/iPhoneOS17.5.sdk/System/Cryptexes/OS/System/Library/Frameworks/WebKit.framework/Headers/WKDownloadDelegate.h:88:28: warning: 'WKDownload' is only available on iOS 14.5 or newer [-Wunguarded-availability-new]
2025-11-24T12:19:47.2020270Z [ 50%] Building C object CMakeFiles/AngelAuraAmethyst.dir/input/ControllerInput.m.o
2025-11-24T12:19:47.2020690Z - (void)downloadDidFinish:(WKDownload *)download;
2025-11-24T12:19:47.2121480Z                            ^
2025-11-24T12:19:47.2223740Z /Applications/Xcode_15.4.app/Contents/Developer/Platforms/iPhoneOS.platform/Developer/SDKs/iPhoneOS17.5.sdk/System/Cryptexes/OS/System/Library/Frameworks/WebKit.framework/Headers/WKDownload.h:37:12: note: 'WKDownload' has been marked as being introduced in iOS 14.5 here, but the deployment target is iOS 14.0.0
2025-11-24T12:19:47.2325500Z @interface WKDownload : NSObject<NSProgressReporting>
2025-11-24T12:19:47.2426510Z            ^
2025-11-24T12:19:47.2528230Z /Applications/Xcode_15.4.app/Contents/Developer/Platforms/iPhoneOS.platform/Developer/SDKs/iPhoneOS17.5.sdk/System/Cryptexes/OS/System/Library/Frameworks/WebKit.framework/Headers/WKDownloadDelegate.h:88:1: note: annotate 'downloadDidFinish:' with an availability attribute to silence this warning
2025-11-24T12:19:47.2630300Z - (void)downloadDidFinish:(WKDownload *)download;
2025-11-24T12:19:47.2731390Z ^
2025-11-24T12:19:47.2832270Z                                                  API_AVAILABLE(ios(14.5))
2025-11-24T12:19:47.2933510Z /Applications/Xcode_15.4.app/Contents/Developer/Platforms/iPhoneOS.platform/Developer/SDKs/iPhoneOS17.5.sdk/System/Cryptexes/OS/System/Library/Frameworks/WebKit.framework/Headers/WKDownloadDelegate.h:95:19: warning: 'WKDownload' is only available on iOS 14.5 or newer [-Wunguarded-availability-new]
2025-11-24T12:19:47.3033730Z - (void)download:(WKDownload *)download didFailWithError:(NSError *)error resumeData:(nullable NSData *)resumeData;
2025-11-24T12:19:47.3134780Z                   ^
2025-11-24T12:19:47.3236400Z /Applications/Xcode_15.4.app/Contents/Developer/Platforms/iPhoneOS.platform/Developer/SDKs/iPhoneOS17.5.sdk/System/Cryptexes/OS/System/Library/Frameworks/WebKit.framework/Headers/WKDownload.h:37:12: note: 'WKDownload' has been marked as being introduced in iOS 14.5 here, but the deployment target is iOS 14.0.0
2025-11-24T12:19:47.3338040Z @interface WKDownload : NSObject<NSProgressReporting>
2025-11-24T12:19:47.3438880Z            ^
2025-11-24T12:19:47.3540660Z /Applications/Xcode_15.4.app/Contents/Developer/Platforms/iPhoneOS.platform/Developer/SDKs/iPhoneOS17.5.sdk/System/Cryptexes/OS/System/Library/Frameworks/WebKit.framework/Headers/WKDownloadDelegate.h:95:1: note: annotate 'download:didFailWithError:resumeData:' with an availability attribute to silence this warning
2025-11-24T12:19:47.3642640Z - (void)download:(WKDownload *)download didFailWithError:(NSError *)error resumeData:(nullable NSData *)resumeData;
2025-11-24T12:19:47.3743630Z ^
2025-11-24T12:19:47.3844500Z                                                                                                                    API_AVAILABLE(ios(14.5))
2025-11-24T12:19:47.3945700Z In file included from /Users/runner/work/Amethyst-iOS-MyRemastered/Amethyst-iOS-MyRemastered/Natives/installer/ModpackInstallViewController.m:4:
2025-11-24T12:19:47.4047620Z In file included from /Users/runner/work/Amethyst-iOS-MyRemastered/Amethyst-iOS-MyRemastered/Natives/external/AFNetworking/UIKit+AFNetworking/UIKit+AFNetworking.h:40:
2025-11-24T12:19:47.4149270Z In file included from /Users/runner/work/Amethyst-iOS-MyRemastered/Amethyst-iOS-MyRemastered/Natives/external/AFNetworking/UIKit+AFNetworking/WKWebView+AFNetworking.h:29:
2025-11-24T12:19:47.4252230Z In file included from /Applications/Xcode_15.4.app/Contents/Developer/Platforms/iPhoneOS.platform/Developer/SDKs/iPhoneOS17.5.sdk/System/Cryptexes/OS/System/Library/Frameworks/WebKit.framework/Headers/WebKit.h:57:
2025-11-24T12:19:47.4354330Z /Applications/Xcode_15.4.app/Contents/Developer/Platforms/iPhoneOS.platform/Developer/SDKs/iPhoneOS17.5.sdk/System/Cryptexes/OS/System/Library/Frameworks/WebKit.framework/Headers/WKUIDelegate.h:256:118: warning: 'WKDialogResult' is only available on iOS 16.0 or newer [-Wunguarded-availability-new]
2025-11-24T12:19:47.4456320Z - (void)webView:(WKWebView *)webView showLockdownModeFirstUseMessage:(NSString *)message completionHandler:(void (^)(WKDialogResult))completionHandler API_AVAILABLE(ios(13.0));
2025-11-24T12:19:47.4557660Z                                                                                                                      ^
2025-11-24T12:19:47.4659860Z /Applications/Xcode_15.4.app/Contents/Developer/Platforms/iPhoneOS.platform/Developer/SDKs/iPhoneOS17.5.sdk/System/Cryptexes/OS/System/Library/Frameworks/WebKit.framework/Headers/WKUIDelegate.h:67:28: note: 'WKDialogResult' has been marked as being introduced in iOS 16.0 here, but the deployment target is iOS 14.0.0
2025-11-24T12:19:47.4761720Z typedef NS_ENUM(NSInteger, WKDialogResult) {
2025-11-24T12:19:47.4862670Z                            ^
2025-11-24T12:19:47.4964400Z /Applications/Xcode_15.4.app/Contents/Developer/Platforms/iPhoneOS.platform/Developer/SDKs/iPhoneOS17.5.sdk/System/Cryptexes/OS/System/Library/Frameworks/WebKit.framework/Headers/WKUIDelegate.h:256:1: note: annotate 'webView:showLockdownModeFirstUseMessage:completionHandler:' with an availability attribute to silence this warning
2025-11-24T12:19:47.5067110Z - (void)webView:(WKWebView *)webView showLockdownModeFirstUseMessage:(NSString *)message completionHandler:(void (^)(WKDialogResult))completionHandler API_AVAILABLE(ios(13.0));
2025-11-24T12:19:47.5168580Z ^
2025-11-24T12:19:47.5269820Z 7 warnings generated.
2025-11-24T12:19:47.5371100Z Note: src/launcher/net/kdt/pojavlaunch/PojavClassLoader.java uses or overrides a deprecated API.
2025-11-24T12:19:47.5472640Z Note: Recompile with -Xlint:deprecation for details.
2025-11-24T12:19:47.5573840Z Note: Some input files use unchecked or unsafe operations.
2025-11-24T12:19:47.5674990Z Note: Recompile with -Xlint:unchecked for details.
2025-11-24T12:19:47.6140680Z Compiling src/launcher/net/kdt/pojavlaunch/value/launcherprofiles/MinecraftAuthenticationDatabase.java
2025-11-24T12:19:47.9901120Z [ 51%] Building C object CMakeFiles/AngelAuraAmethyst.dir/input/GyroInput.m.o
2025-11-24T12:19:48.4424880Z [ 52%] Building C object CMakeFiles/AngelAuraAmethyst.dir/input/KeyboardInput.m.o
2025-11-24T12:19:49.2461740Z [ 53%] Building C object CMakeFiles/AngelAuraAmethyst.dir/AccountListViewController.m.o
2025-11-24T12:19:49.2833580Z [ 54%] Building C object CMakeFiles/AngelAuraAmethyst.dir/AppDelegate.m.o
2025-11-24T12:19:49.8824000Z [ 55%] Building C object CMakeFiles/AngelAuraAmethyst.dir/CustomControlsViewController.m.o
2025-11-24T12:19:50.1194030Z [ 56%] Building C object CMakeFiles/AngelAuraAmethyst.dir/CustomControlsViewController+UndoManager.m.o
2025-11-24T12:19:50.3200540Z [ 57%] Building C object CMakeFiles/AngelAuraAmethyst.dir/DownloadProgressViewController.m.o
2025-11-24T12:19:50.3503160Z Compiling src/launcher/net/kdt/pojavlaunch/value/launcherprofiles/MinecraftLauncherSettings.java
2025-11-24T12:19:50.9124550Z [ 58%] Building C object CMakeFiles/AngelAuraAmethyst.dir/FileListViewController.m.o
2025-11-24T12:19:51.0128890Z [ 59%] Building C object CMakeFiles/AngelAuraAmethyst.dir/GameSurfaceView.m.o
2025-11-24T12:19:51.1635010Z [ 60%] Building C object CMakeFiles/AngelAuraAmethyst.dir/JavaGUIViewController.m.o
2025-11-24T12:19:51.6863360Z [ 61%] Building C object CMakeFiles/AngelAuraAmethyst.dir/LauncherMenuViewController.m.o
2025-11-24T12:19:52.1079020Z [ 62%] Building C object CMakeFiles/AngelAuraAmethyst.dir/LauncherNavigationController.m.o
2025-11-24T12:19:52.6497810Z [ 63%] Building C object CMakeFiles/AngelAuraAmethyst.dir/LauncherNewsViewController.m.o
2025-11-24T12:19:52.7701650Z [ 64%] Building C object CMakeFiles/AngelAuraAmethyst.dir/LauncherPreferences.m.o
2025-11-24T12:19:52.8958680Z In file included from /Users/runner/work/Amethyst-iOS-MyRemastered/Amethyst-iOS-MyRemastered/Natives/LauncherNewsViewController.m:1:
2025-11-24T12:19:52.9060270Z In file included from /Applications/Xcode_15.4.app/Contents/Developer/Platforms/iPhoneOS.platform/Developer/SDKs/iPhoneOS17.5.sdk/System/Cryptexes/OS/System/Library/Frameworks/WebKit.framework/Headers/WebKit.h:34:
2025-11-24T12:19:52.9162430Z /Applications/Xcode_15.4.app/Contents/Developer/Platforms/iPhoneOS.platform/Developer/SDKs/iPhoneOS17.5.sdk/System/Cryptexes/OS/System/Library/Frameworks/WebKit.framework/Headers/WKDownloadDelegate.h:59:19: warning: 'WKDownload' is only available on iOS 14.5 or newer [-Wunguarded-availability-new]
2025-11-24T12:19:52.9265120Z - (void)download:(WKDownload *)download decideDestinationUsingResponse:(NSURLResponse *)response suggestedFilename:(NSString *)suggestedFilename completionHandler:(void (^)(NSURL * _Nullable destination))completionHandler;
2025-11-24T12:19:52.9366450Z                   ^
2025-11-24T12:19:52.9468520Z /Applications/Xcode_15.4.app/Contents/Developer/Platforms/iPhoneOS.platform/Developer/SDKs/iPhoneOS17.5.sdk/System/Cryptexes/OS/System/Library/Frameworks/WebKit.framework/Headers/WKDownload.h:37:12: note: 'WKDownload' has been marked as being introduced in iOS 14.5 here, but the deployment target is iOS 14.0.0
2025-11-24T12:19:52.9574470Z @interface WKDownload : NSObject<NSProgressReporting>
2025-11-24T12:19:52.9607370Z Compiling src/launcher/net/kdt/pojavlaunch/value/MinecraftLibraryArtifact.java
2025-11-24T12:19:52.9675580Z            ^
2025-11-24T12:19:52.9777470Z /Applications/Xcode_15.4.app/Contents/Developer/Platforms/iPhoneOS.platform/Developer/SDKs/iPhoneOS17.5.sdk/System/Cryptexes/OS/System/Library/Frameworks/WebKit.framework/Headers/WKDownloadDelegate.h:59:1: note: annotate 'download:decideDestinationUsingResponse:suggestedFilename:completionHandler:' with an availability attribute to silence this warning
2025-11-24T12:19:52.9881570Z - (void)download:(WKDownload *)download decideDestinationUsingResponse:(NSURLResponse *)response suggestedFilename:(NSString *)suggestedFilename completionHandler:(void (^)(NSURL * _Nullable destination))completionHandler;
2025-11-24T12:19:52.9993670Z ^
2025-11-24T12:19:53.0094950Z                                                                                                                                                                                                                               API_AVAILABLE(ios(14.5))
2025-11-24T12:19:53.0196670Z /Applications/Xcode_15.4.app/Contents/Developer/Platforms/iPhoneOS.platform/Developer/SDKs/iPhoneOS17.5.sdk/System/Cryptexes/OS/System/Library/Frameworks/WebKit.framework/Headers/WKDownloadDelegate.h:71:19: warning: 'WKDownload' is only available on iOS 14.5 or newer [-Wunguarded-availability-new]
2025-11-24T12:19:53.0300780Z - (void)download:(WKDownload *)download willPerformHTTPRedirection:(NSHTTPURLResponse *)response newRequest:(NSURLRequest *)request decisionHandler:(void (^)(WKDownloadRedirectPolicy))decisionHandler WK_SWIFT_ASYNC_NAME(download(_:decidedPolicyForHTTPRedirection:newRequest:)) WK_SWIFT_ASYNC(4);
2025-11-24T12:19:53.0402330Z                   ^
2025-11-24T12:19:53.0504280Z /Applications/Xcode_15.4.app/Contents/Developer/Platforms/iPhoneOS.platform/Developer/SDKs/iPhoneOS17.5.sdk/System/Cryptexes/OS/System/Library/Frameworks/WebKit.framework/Headers/WKDownload.h:37:12: note: 'WKDownload' has been marked as being introduced in iOS 14.5 here, but the deployment target is iOS 14.0.0
2025-11-24T12:19:53.0606480Z @interface WKDownload : NSObject<NSProgressReporting>
2025-11-24T12:19:53.0707430Z            ^
2025-11-24T12:19:53.0809170Z /Applications/Xcode_15.4.app/Contents/Developer/Platforms/iPhoneOS.platform/Developer/SDKs/iPhoneOS17.5.sdk/System/Cryptexes/OS/System/Library/Frameworks/WebKit.framework/Headers/WKDownloadDelegate.h:71:1: note: annotate 'download:willPerformHTTPRedirection:newRequest:decisionHandler:' with an availability attribute to silence this warning
2025-11-24T12:19:53.0911720Z - (void)download:(WKDownload *)download willPerformHTTPRedirection:(NSHTTPURLResponse *)response newRequest:(NSURLRequest *)request decisionHandler:(void (^)(WKDownloadRedirectPolicy))decisionHandler WK_SWIFT_ASYNC_NAME(download(_:decidedPolicyForHTTPRedirection:newRequest:)) WK_SWIFT_ASYNC(4);
2025-11-24T12:19:53.1013330Z ^
2025-11-24T12:19:53.1115900Z                                                                                                                                                                                                                                                                                                        API_AVAILABLE(ios(14.5))
2025-11-24T12:19:53.1219140Z /Applications/Xcode_15.4.app/Contents/Developer/Platforms/iPhoneOS.platform/Developer/SDKs/iPhoneOS17.5.sdk/System/Cryptexes/OS/System/Library/Frameworks/WebKit.framework/Headers/WKDownloadDelegate.h:71:159: warning: 'WKDownloadRedirectPolicy' is only available on iOS 14.5 or newer [-Wunguarded-availability-new]
2025-11-24T12:19:53.1322020Z - (void)download:(WKDownload *)download willPerformHTTPRedirection:(NSHTTPURLResponse *)response newRequest:(NSURLRequest *)request decisionHandler:(void (^)(WKDownloadRedirectPolicy))decisionHandler WK_SWIFT_ASYNC_NAME(download(_:decidedPolicyForHTTPRedirection:newRequest:)) WK_SWIFT_ASYNC(4);
2025-11-24T12:19:53.1424300Z                                                                                                                                                               ^
2025-11-24T12:19:53.1526180Z /Applications/Xcode_15.4.app/Contents/Developer/Platforms/iPhoneOS.platform/Developer/SDKs/iPhoneOS17.5.sdk/System/Cryptexes/OS/System/Library/Frameworks/WebKit.framework/Headers/WKDownloadDelegate.h:36:28: note: 'WKDownloadRedirectPolicy' has been marked as being introduced in iOS 14.5 here, but the deployment target is iOS 14.0.0
2025-11-24T12:19:53.1628080Z typedef NS_ENUM(NSInteger, WKDownloadRedirectPolicy) {
2025-11-24T12:19:53.1729130Z                            ^
2025-11-24T12:19:53.1830930Z /Applications/Xcode_15.4.app/Contents/Developer/Platforms/iPhoneOS.platform/Developer/SDKs/iPhoneOS17.5.sdk/System/Cryptexes/OS/System/Library/Frameworks/WebKit.framework/Headers/WKDownloadDelegate.h:71:1: note: annotate 'download:willPerformHTTPRedirection:newRequest:decisionHandler:' with an availability attribute to silence this warning
2025-11-24T12:19:53.1933580Z - (void)download:(WKDownload *)download willPerformHTTPRedirection:(NSHTTPURLResponse *)response newRequest:(NSURLRequest *)request decisionHandler:(void (^)(WKDownloadRedirectPolicy))decisionHandler WK_SWIFT_ASYNC_NAME(download(_:decidedPolicyForHTTPRedirection:newRequest:)) WK_SWIFT_ASYNC(4);
2025-11-24T12:19:53.2035140Z ^
2025-11-24T12:19:53.2140000Z                                                                                                                                                                                                                                                                                                        API_AVAILABLE(ios(14.5))
2025-11-24T12:19:53.2241870Z /Applications/Xcode_15.4.app/Contents/Developer/Platforms/iPhoneOS.platform/Developer/SDKs/iPhoneOS17.5.sdk/System/Cryptexes/OS/System/Library/Frameworks/WebKit.framework/Headers/WKDownloadDelegate.h:83:19: warning: 'WKDownload' is only available on iOS 14.5 or newer [-Wunguarded-availability-new]
2025-11-24T12:19:53.2356600Z - (void)download:(WKDownload *)download didReceiveAuthenticationChallenge:(NSURLAuthenticationChallenge *)challenge completionHandler:(void (^)(NSURLSessionAuthChallengeDisposition, NSURLCredential * _Nullable))completionHandler WK_SWIFT_ASYNC_NAME(download(_:respondTo:));
2025-11-24T12:19:53.2458140Z                   ^
2025-11-24T12:19:53.2559780Z /Applications/Xcode_15.4.app/Contents/Developer/Platforms/iPhoneOS.platform/Developer/SDKs/iPhoneOS17.5.sdk/System/Cryptexes/OS/System/Library/Frameworks/WebKit.framework/Headers/WKDownload.h:37:12: note: 'WKDownload' has been marked as being introduced in iOS 14.5 here, but the deployment target is iOS 14.0.0
2025-11-24T12:19:53.2661740Z @interface WKDownload : NSObject<NSProgressReporting>
2025-11-24T12:19:53.2762760Z            ^
2025-11-24T12:19:53.2864400Z /Applications/Xcode_15.4.app/Contents/Developer/Platforms/iPhoneOS.platform/Developer/SDKs/iPhoneOS17.5.sdk/System/Cryptexes/OS/System/Library/Frameworks/WebKit.framework/Headers/WKDownloadDelegate.h:83:1: note: annotate 'download:didReceiveAuthenticationChallenge:completionHandler:' with an availability attribute to silence this warning
2025-11-24T12:19:53.2967440Z - (void)download:(WKDownload *)download didReceiveAuthenticationChallenge:(NSURLAuthenticationChallenge *)challenge completionHandler:(void (^)(NSURLSessionAuthChallengeDisposition, NSURLCredential * _Nullable))completionHandler WK_SWIFT_ASYNC_NAME(download(_:respondTo:));
2025-11-24T12:19:53.3068890Z ^
2025-11-24T12:19:53.3169810Z                                                                                                                                                                                                                                                                                  API_AVAILABLE(ios(14.5))
2025-11-24T12:19:53.3271820Z /Applications/Xcode_15.4.app/Contents/Developer/Platforms/iPhoneOS.platform/Developer/SDKs/iPhoneOS17.5.sdk/System/Cryptexes/OS/System/Library/Frameworks/WebKit.framework/Headers/WKDownloadDelegate.h:88:28: warning: 'WKDownload' is only available on iOS 14.5 or newer [-Wunguarded-availability-new]
2025-11-24T12:19:53.3322940Z - (void)downloadDidFinish:(WKDownload *)download;
2025-11-24T12:19:53.3423670Z                            ^
2025-11-24T12:19:53.3525050Z /Applications/Xcode_15.4.app/Contents/Developer/Platforms/iPhoneOS.platform/Developer/SDKs/iPhoneOS17.5.sdk/System/Cryptexes/OS/System/Library/Frameworks/WebKit.framework/Headers/WKDownload.h:37:12: note: 'WKDownload' has been marked as being introduced in iOS 14.5 here, but the deployment target is iOS 14.0.0
2025-11-24T12:19:53.3624670Z @interface WKDownload : NSObject<NSProgressReporting>
2025-11-24T12:19:53.3725470Z            ^
2025-11-24T12:19:53.3826810Z /Applications/Xcode_15.4.app/Contents/Developer/Platforms/iPhoneOS.platform/Developer/SDKs/iPhoneOS17.5.sdk/System/Cryptexes/OS/System/Library/Frameworks/WebKit.framework/Headers/WKDownloadDelegate.h:88:1: note: annotate 'downloadDidFinish:' with an availability attribute to silence this warning
2025-11-24T12:19:53.3926820Z - (void)downloadDidFinish:(WKDownload *)download;
2025-11-24T12:19:53.4027960Z ^
2025-11-24T12:19:53.4128430Z                                                  API_AVAILABLE(ios(14.5))
2025-11-24T12:19:53.4230010Z /Applications/Xcode_15.4.app/Contents/Developer/Platforms/iPhoneOS.platform/Developer/SDKs/iPhoneOS17.5.sdk/System/Cryptexes/OS/System/Library/Frameworks/WebKit.framework/Headers/WKDownloadDelegate.h:95:19: warning: 'WKDownload' is only available on iOS 14.5 or newer [-Wunguarded-availability-new]
2025-11-24T12:19:53.4330080Z - (void)download:(WKDownload *)download didFailWithError:(NSError *)error resumeData:(nullable NSData *)resumeData;
2025-11-24T12:19:53.4431200Z                   ^
2025-11-24T12:19:53.4532310Z /Applications/Xcode_15.4.app/Contents/Developer/Platforms/iPhoneOS.platform/Developer/SDKs/iPhoneOS17.5.sdk/System/Cryptexes/OS/System/Library/Frameworks/WebKit.framework/Headers/WKDownload.h:37:12: note: 'WKDownload' has been marked as being introduced in iOS 14.5 here, but the deployment target is iOS 14.0.0
2025-11-24T12:19:53.4632500Z @interface WKDownload : NSObject<NSProgressReporting>
2025-11-24T12:19:53.4632980Z gmake[1]: Leaving directory '/Users/runner/work/Amethyst-iOS-MyRemastered/Amethyst-iOS-MyRemastered/Natives/build'
2025-11-24T12:19:53.4736060Z            ^
2025-11-24T12:19:53.4837460Z /Applications/Xcode_15.4.app/Contents/Developer/Platforms/iPhoneOS.platform/Developer/SDKs/iPhoneOS17.5.sdk/System/Cryptexes/OS/System/Library/Frameworks/WebKit.framework/Headers/WKDownloadDelegate.h:95:1: note: annotate 'download:didFailWithError:resumeData:' with an availability attribute to silence this warning
2025-11-24T12:19:53.4940070Z - (void)download:(WKDownload *)download didFailWithError:(NSError *)error resumeData:(nullable NSData *)resumeData;
2025-11-24T12:19:53.5040270Z ^
2025-11-24T12:19:53.5140880Z                                                                                                                    API_AVAILABLE(ios(14.5))
2025-11-24T12:19:53.5241730Z In file included from /Users/runner/work/Amethyst-iOS-MyRemastered/Amethyst-iOS-MyRemastered/Natives/LauncherNavigationController.m:16:
2025-11-24T12:19:53.5342450Z In file included from /Users/runner/work/Amethyst-iOS-MyRemastered/Amethyst-iOS-MyRemastered/Natives/external/AFNetworking/UIKit+AFNetworking/UIKit+AFNetworking.h:40:
2025-11-24T12:19:53.5443350Z In file included from /Users/runner/work/Amethyst-iOS-MyRemastered/Amethyst-iOS-MyRemastered/Natives/external/AFNetworking/UIKit+AFNetworking/WKWebView+AFNetworking.h:29:
2025-11-24T12:19:53.5544120Z In file included from /Applications/Xcode_15.4.app/Contents/Developer/Platforms/iPhoneOS.platform/Developer/SDKs/iPhoneOS17.5.sdk/System/Cryptexes/OS/System/Library/Frameworks/WebKit.framework/Headers/WebKit.h:34:
2025-11-24T12:19:53.5645200Z /Applications/Xcode_15.4.app/Contents/Developer/Platforms/iPhoneOS.platform/Developer/SDKs/iPhoneOS17.5.sdk/System/Cryptexes/OS/System/Library/Frameworks/WebKit.framework/Headers/WKDownloadDelegate.h:59:19: warning: 'WKDownload' is only available on iOS 14.5 or newer [-Wunguarded-availability-new]
2025-11-24T12:19:53.5745810Z - (void)download:(WKDownload *)download decideDestinationUsingResponse:(NSURLResponse *)response suggestedFilename:(NSString *)suggestedFilename completionHandler:(void (^)(NSURL * _Nullable destination))completionHandler;
2025-11-24T12:19:53.5846140Z                   ^
2025-11-24T12:19:53.5947930Z /Applications/Xcode_15.4.app/Contents/Developer/Platforms/iPhoneOS.platform/Developer/SDKs/iPhoneOS17.5.sdk/System/Cryptexes/OS/System/Library/Frameworks/WebKit.framework/Headers/WKDownload.h:37:12: note: 'WKDownload' has been marked as being introduced in iOS 14.5 here, but the deployment target is iOS 14.0.0
2025-11-24T12:19:53.6047940Z @interface WKDownload : NSObject<NSProgressReporting>
2025-11-24T12:19:53.6148270Z            ^
2025-11-24T12:19:53.6250030Z /Applications/Xcode_15.4.app/Contents/Developer/Platforms/iPhoneOS.platform/Developer/SDKs/iPhoneOS17.5.sdk/System/Cryptexes/OS/System/Library/Frameworks/WebKit.framework/Headers/WKDownloadDelegate.h:59:1: note: annotate 'download:decideDestinationUsingResponse:suggestedFilename:completionHandler:' with an availability attribute to silence this warning
2025-11-24T12:19:53.6349940Z - (void)download:(WKDownload *)download decideDestinationUsingResponse:(NSURLResponse *)response suggestedFilename:(NSString *)suggestedFilename completionHandler:(void (^)(NSURL * _Nullable destination))completionHandler;
2025-11-24T12:19:53.6450890Z ^
2025-11-24T12:19:53.6552080Z                                                                                                                                                                                                                               API_AVAILABLE(ios(14.5))
2025-11-24T12:19:53.6653490Z /Applications/Xcode_15.4.app/Contents/Developer/Platforms/iPhoneOS.platform/Developer/SDKs/iPhoneOS17.5.sdk/System/Cryptexes/OS/System/Library/Frameworks/WebKit.framework/Headers/WKDownloadDelegate.h:71:19: warning: 'WKDownload' is only available on iOS 14.5 or newer [-Wunguarded-availability-new]
2025-11-24T12:19:53.6754080Z - (void)download:(WKDownload *)download willPerformHTTPRedirection:(NSHTTPURLResponse *)response newRequest:(NSURLRequest *)request decisionHandler:(void (^)(WKDownloadRedirectPolicy))decisionHandler WK_SWIFT_ASYNC_NAME(download(_:decidedPolicyForHTTPRedirection:newRequest:)) WK_SWIFT_ASYNC(4);
2025-11-24T12:19:53.6853770Z                   ^
2025-11-24T12:19:53.6955720Z /Applications/Xcode_15.4.app/Contents/Developer/Platforms/iPhoneOS.platform/Developer/SDKs/iPhoneOS17.5.sdk/System/Cryptexes/OS/System/Library/Frameworks/WebKit.framework/Headers/WKDownload.h:37:12: note: 'WKDownload' has been marked as being introduced in iOS 14.5 here, but the deployment target is iOS 14.0.0
2025-11-24T12:19:53.7056430Z @interface WKDownload : NSObject<NSProgressReporting>
2025-11-24T12:19:53.7156990Z            ^
2025-11-24T12:19:53.7258680Z /Applications/Xcode_15.4.app/Contents/Developer/Platforms/iPhoneOS.platform/Developer/SDKs/iPhoneOS17.5.sdk/System/Cryptexes/OS/System/Library/Frameworks/WebKit.framework/Headers/WKDownloadDelegate.h:71:1: note: annotate 'download:willPerformHTTPRedirection:newRequest:decisionHandler:' with an availability attribute to silence this warning
2025-11-24T12:19:53.7359520Z - (void)download:(WKDownload *)download willPerformHTTPRedirection:(NSHTTPURLResponse *)response newRequest:(NSURLRequest *)request decisionHandler:(void (^)(WKDownloadRedirectPolicy))decisionHandler WK_SWIFT_ASYNC_NAME(download(_:decidedPolicyForHTTPRedirection:newRequest:)) WK_SWIFT_ASYNC(4);
2025-11-24T12:19:53.7458610Z ^
2025-11-24T12:19:53.7559440Z                                                                                                                                                                                                                                                                                                        API_AVAILABLE(ios(14.5))
2025-11-24T12:19:53.7661600Z /Applications/Xcode_15.4.app/Contents/Developer/Platforms/iPhoneOS.platform/Developer/SDKs/iPhoneOS17.5.sdk/System/Cryptexes/OS/System/Library/Frameworks/WebKit.framework/Headers/WKDownloadDelegate.h:71:159: warning: 'WKDownloadRedirectPolicy' is only available on iOS 14.5 or newer [-Wunguarded-availability-new]
2025-11-24T12:19:53.7762540Z - (void)download:(WKDownload *)download willPerformHTTPRedirection:(NSHTTPURLResponse *)response newRequest:(NSURLRequest *)request decisionHandler:(void (^)(WKDownloadRedirectPolicy))decisionHandler WK_SWIFT_ASYNC_NAME(download(_:decidedPolicyForHTTPRedirection:newRequest:)) WK_SWIFT_ASYNC(4);
2025-11-24T12:19:53.7862160Z                                                                                                                                                               ^
2025-11-24T12:19:53.7964100Z /Applications/Xcode_15.4.app/Contents/Developer/Platforms/iPhoneOS.platform/Developer/SDKs/iPhoneOS17.5.sdk/System/Cryptexes/OS/System/Library/Frameworks/WebKit.framework/Headers/WKDownloadDelegate.h:36:28: note: 'WKDownloadRedirectPolicy' has been marked as being introduced in iOS 14.5 here, but the deployment target is iOS 14.0.0
2025-11-24T12:19:53.8064320Z typedef NS_ENUM(NSInteger, WKDownloadRedirectPolicy) {
2025-11-24T12:19:53.8165220Z                            ^
2025-11-24T12:19:53.8268770Z /Applications/Xcode_15.4.app/Contents/Developer/Platforms/iPhoneOS.platform/Developer/SDKs/iPhoneOS17.5.sdk/System/Cryptexes/OS/System/Library/Frameworks/WebKit.framework/Headers/WKDownloadDelegate.h:71:1: note: annotate 'download:willPerformHTTPRedirection:newRequest:decisionHandler:' with an availability attribute to silence this warning
2025-11-24T12:19:53.8371400Z - (void)download:(WKDownload *)download willPerformHTTPRedirection:(NSHTTPURLResponse *)response newRequest:(NSURLRequest *)request decisionHandler:(void (^)(WKDownloadRedirectPolicy))decisionHandler WK_SWIFT_ASYNC_NAME(download(_:decidedPolicyForHTTPRedirection:newRequest:)) WK_SWIFT_ASYNC(4);
2025-11-24T12:19:53.8471060Z ^
2025-11-24T12:19:53.8572020Z                                                                                                                                                                                                                                                                                                        API_AVAILABLE(ios(14.5))
2025-11-24T12:19:53.8673790Z /Applications/Xcode_15.4.app/Contents/Developer/Platforms/iPhoneOS.platform/Developer/SDKs/iPhoneOS17.5.sdk/System/Cryptexes/OS/System/Library/Frameworks/WebKit.framework/Headers/WKDownloadDelegate.h:83:19: warning: 'WKDownload' is only available on iOS 14.5 or newer [-Wunguarded-availability-new]
2025-11-24T12:19:53.8774160Z - (void)download:(WKDownload *)download didReceiveAuthenticationChallenge:(NSURLAuthenticationChallenge *)challenge completionHandler:(void (^)(NSURLSessionAuthChallengeDisposition, NSURLCredential * _Nullable))completionHandler WK_SWIFT_ASYNC_NAME(download(_:respondTo:));
2025-11-24T12:19:53.8873950Z                   ^
2025-11-24T12:19:53.8975620Z /Applications/Xcode_15.4.app/Contents/Developer/Platforms/iPhoneOS.platform/Developer/SDKs/iPhoneOS17.5.sdk/System/Cryptexes/OS/System/Library/Frameworks/WebKit.framework/Headers/WKDownload.h:37:12: note: 'WKDownload' has been marked as being introduced in iOS 14.5 here, but the deployment target is iOS 14.0.0
2025-11-24T12:19:53.9076880Z @interface WKDownload : NSObject<NSProgressReporting>
2025-11-24T12:19:53.9176580Z            ^
2025-11-24T12:19:53.9278480Z /Applications/Xcode_15.4.app/Contents/Developer/Platforms/iPhoneOS.platform/Developer/SDKs/iPhoneOS17.5.sdk/System/Cryptexes/OS/System/Library/Frameworks/WebKit.framework/Headers/WKDownloadDelegate.h:83:1: note: annotate 'download:didReceiveAuthenticationChallenge:completionHandler:' with an availability attribute to silence this warning
2025-11-24T12:19:53.9378870Z - (void)download:(WKDownload *)download didReceiveAuthenticationChallenge:(NSURLAuthenticationChallenge *)challenge completionHandler:(void (^)(NSURLSessionAuthChallengeDisposition, NSURLCredential * _Nullable))completionHandler WK_SWIFT_ASYNC_NAME(download(_:respondTo:));
2025-11-24T12:19:53.9478650Z ^
2025-11-24T12:19:53.9579550Z                                                                                                                                                                                                                                                                                  API_AVAILABLE(ios(14.5))
2025-11-24T12:19:53.9681280Z /Applications/Xcode_15.4.app/Contents/Developer/Platforms/iPhoneOS.platform/Developer/SDKs/iPhoneOS17.5.sdk/System/Cryptexes/OS/System/Library/Frameworks/WebKit.framework/Headers/WKDownloadDelegate.h:88:28: warning: 'WKDownload' is only available on iOS 14.5 or newer [-Wunguarded-availability-new]
2025-11-24T12:19:53.9781460Z - (void)downloadDidFinish:(WKDownload *)download;
2025-11-24T12:19:53.9881790Z                            ^
2025-11-24T12:19:53.9983560Z /Applications/Xcode_15.4.app/Contents/Developer/Platforms/iPhoneOS.platform/Developer/SDKs/iPhoneOS17.5.sdk/System/Cryptexes/OS/System/Library/Frameworks/WebKit.framework/Headers/WKDownload.h:37:12: note: 'WKDownload' has been marked as being introduced in iOS 14.5 here, but the deployment target is iOS 14.0.0
2025-11-24T12:19:54.0083440Z @interface WKDownload : NSObject<NSProgressReporting>
2025-11-24T12:19:54.0184350Z            ^
2025-11-24T12:19:54.0285530Z /Applications/Xcode_15.4.app/Contents/Developer/Platforms/iPhoneOS.platform/Developer/SDKs/iPhoneOS17.5.sdk/System/Cryptexes/OS/System/Library/Frameworks/WebKit.framework/Headers/WKDownloadDelegate.h:88:1: note: annotate 'downloadDidFinish:' with an availability attribute to silence this warning
2025-11-24T12:19:54.0385810Z - (void)downloadDidFinish:(WKDownload *)download;
2025-11-24T12:19:54.0486470Z ^
2025-11-24T12:19:54.0587480Z                                                  API_AVAILABLE(ios(14.5))
2025-11-24T12:19:54.0689210Z /Applications/Xcode_15.4.app/Contents/Developer/Platforms/iPhoneOS.platform/Developer/SDKs/iPhoneOS17.5.sdk/System/Cryptexes/OS/System/Library/Frameworks/WebKit.framework/Headers/WKDownloadDelegate.h:95:19: warning: 'WKDownload' is only available on iOS 14.5 or newer [-Wunguarded-availability-new]
2025-11-24T12:19:54.0789170Z - (void)download:(WKDownload *)download didFailWithError:(NSError *)error resumeData:(nullable NSData *)resumeData;
2025-11-24T12:19:54.0890280Z                   ^
2025-11-24T12:19:54.0992370Z /Applications/Xcode_15.4.app/Contents/Developer/Platforms/iPhoneOS.platform/Developer/SDKs/iPhoneOS17.5.sdk/System/Cryptexes/OS/System/Library/Frameworks/WebKit.framework/Headers/WKDownload.h:37:12: note: 'WKDownload' has been marked as being introduced in iOS 14.5 here, but the deployment target is iOS 14.0.0
2025-11-24T12:19:54.1094090Z @interface WKDownload : NSObject<NSProgressReporting>
2025-11-24T12:19:54.1195010Z            ^
2025-11-24T12:19:54.1296650Z /Applications/Xcode_15.4.app/Contents/Developer/Platforms/iPhoneOS.platform/Developer/SDKs/iPhoneOS17.5.sdk/System/Cryptexes/OS/System/Library/Frameworks/WebKit.framework/Headers/WKDownloadDelegate.h:95:1: note: annotate 'download:didFailWithError:resumeData:' with an availability attribute to silence this warning
2025-11-24T12:19:54.1398740Z - (void)download:(WKDownload *)download didFailWithError:(NSError *)error resumeData:(nullable NSData *)resumeData;
2025-11-24T12:19:54.1499910Z ^
2025-11-24T12:19:54.1601430Z                                                                                                                    API_AVAILABLE(ios(14.5))
2025-11-24T12:19:54.1702830Z In file included from /Users/runner/work/Amethyst-iOS-MyRemastered/Amethyst-iOS-MyRemastered/Natives/LauncherNavigationController.m:16:
2025-11-24T12:19:54.1703730Z In file included from /Users/runner/work/Amethyst-iOS-MyRemastered/Amethyst-iOS-MyRemastered/Natives/external/AFNetworking/UIKit+AFNetworking/UIKit+AFNetworking.h:40:
2025-11-24T12:19:54.1805690Z In file included from /Users/runner/work/Amethyst-iOS-MyRemastered/Amethyst-iOS-MyRemastered/Natives/external/AFNetworking/UIKit+AFNetworking/WKWebView+AFNetworking.h:29:
2025-11-24T12:19:54.1907790Z In file included from /Applications/Xcode_15.4.app/Contents/Developer/Platforms/iPhoneOS.platform/Developer/SDKs/iPhoneOS17.5.sdk/System/Cryptexes/OS/System/Library/Frameworks/WebKit.framework/Headers/WebKit.h:57:
2025-11-24T12:19:54.2009970Z /Applications/Xcode_15.4.app/Contents/Developer/Platforms/iPhoneOS.platform/Developer/SDKs/iPhoneOS17.5.sdk/System/Cryptexes/OS/System/Library/Frameworks/WebKit.framework/Headers/WKUIDelegate.h:256:118: warning: 'WKDialogResult' is only available on iOS 16.0 or newer [-Wunguarded-availability-new]
2025-11-24T12:19:54.2111960Z - (void)webView:(WKWebView *)webView showLockdownModeFirstUseMessage:(NSString *)message completionHandler:(void (^)(WKDialogResult))completionHandler API_AVAILABLE(ios(13.0));
2025-11-24T12:19:54.2213220Z                                                                                                                      ^
2025-11-24T12:19:54.2314910Z /Applications/Xcode_15.4.app/Contents/Developer/Platforms/iPhoneOS.platform/Developer/SDKs/iPhoneOS17.5.sdk/System/Cryptexes/OS/System/Library/Frameworks/WebKit.framework/Headers/WKUIDelegate.h:67:28: note: 'WKDialogResult' has been marked as being introduced in iOS 16.0 here, but the deployment target is iOS 14.0.0
2025-11-24T12:19:54.2416540Z typedef NS_ENUM(NSInteger, WKDialogResult) {
2025-11-24T12:19:54.2517530Z                            ^
2025-11-24T12:19:54.2619290Z /Applications/Xcode_15.4.app/Contents/Developer/Platforms/iPhoneOS.platform/Developer/SDKs/iPhoneOS17.5.sdk/System/Cryptexes/OS/System/Library/Frameworks/WebKit.framework/Headers/WKUIDelegate.h:256:1: note: annotate 'webView:showLockdownModeFirstUseMessage:completionHandler:' with an availability attribute to silence this warning
2025-11-24T12:19:54.2721430Z - (void)webView:(WKWebView *)webView showLockdownModeFirstUseMessage:(NSString *)message completionHandler:(void (^)(WKDialogResult))completionHandler API_AVAILABLE(ios(13.0));
2025-11-24T12:19:54.2822660Z ^
2025-11-24T12:19:54.2923860Z /Users/runner/work/Amethyst-iOS-MyRemastered/Amethyst-iOS-MyRemastered/Natives/LauncherNavigationController.m:212:37: error: redefinition of 'documentPicker'
2025-11-24T12:19:54.3025210Z     UIDocumentPickerViewController *documentPicker = [[UIDocumentPickerViewController alloc]
2025-11-24T12:19:54.3126150Z                                     ^
2025-11-24T12:19:54.3227520Z /Users/runner/work/Amethyst-iOS-MyRemastered/Amethyst-iOS-MyRemastered/Natives/LauncherNavigationController.m:209:37: note: previous definition is here
2025-11-24T12:19:54.3328940Z     UIDocumentPickerViewController *documentPicker = [[UIDocumentPickerViewController alloc]
2025-11-24T12:19:54.3429970Z                                     ^
2025-11-24T12:19:54.3530840Z 7 warnings and 1 error generated.
2025-11-24T12:19:54.3632120Z gmake[3]: *** [CMakeFiles/AngelAuraAmethyst.dir/build.make:705: CMakeFiles/AngelAuraAmethyst.dir/LauncherNavigationController.m.o] Error 1
2025-11-24T12:19:54.3733190Z gmake[3]: *** Waiting for unfinished jobs....
2025-11-24T12:19:54.3834250Z In file included from /Users/runner/work/Amethyst-iOS-MyRemastered/Amethyst-iOS-MyRemastered/Natives/LauncherNewsViewController.m:1:
2025-11-24T12:19:54.3936260Z In file included from /Applications/Xcode_15.4.app/Contents/Developer/Platforms/iPhoneOS.platform/Developer/SDKs/iPhoneOS17.5.sdk/System/Cryptexes/OS/System/Library/Frameworks/WebKit.framework/Headers/WebKit.h:57:
2025-11-24T12:19:54.4038350Z /Applications/Xcode_15.4.app/Contents/Developer/Platforms/iPhoneOS.platform/Developer/SDKs/iPhoneOS17.5.sdk/System/Cryptexes/OS/System/Library/Frameworks/WebKit.framework/Headers/WKUIDelegate.h:256:118: warning: 'WKDialogResult' is only available on iOS 16.0 or newer [-Wunguarded-availability-new]
2025-11-24T12:19:54.4140350Z - (void)webView:(WKWebView *)webView showLockdownModeFirstUseMessage:(NSString *)message completionHandler:(void (^)(WKDialogResult))completionHandler API_AVAILABLE(ios(13.0));
2025-11-24T12:19:54.4241960Z                                                                                                                      ^
2025-11-24T12:19:54.4343780Z /Applications/Xcode_15.4.app/Contents/Developer/Platforms/iPhoneOS.platform/Developer/SDKs/iPhoneOS17.5.sdk/System/Cryptexes/OS/System/Library/Frameworks/WebKit.framework/Headers/WKUIDelegate.h:67:28: note: 'WKDialogResult' has been marked as being introduced in iOS 16.0 here, but the deployment target is iOS 14.0.0
2025-11-24T12:19:54.4445490Z typedef NS_ENUM(NSInteger, WKDialogResult) {
2025-11-24T12:19:54.4546440Z                            ^
2025-11-24T12:19:54.4648260Z /Applications/Xcode_15.4.app/Contents/Developer/Platforms/iPhoneOS.platform/Developer/SDKs/iPhoneOS17.5.sdk/System/Cryptexes/OS/System/Library/Frameworks/WebKit.framework/Headers/WKUIDelegate.h:256:1: note: annotate 'webView:showLockdownModeFirstUseMessage:completionHandler:' with an availability attribute to silence this warning
2025-11-24T12:19:54.4750430Z - (void)webView:(WKWebView *)webView showLockdownModeFirstUseMessage:(NSString *)message completionHandler:(void (^)(WKDialogResult))completionHandler API_AVAILABLE(ios(13.0));
2025-11-24T12:19:54.4851730Z ^
2025-11-24T12:19:54.4952870Z 7 warnings generated.
2025-11-24T12:19:54.5071760Z gmake[2]: *** [CMakeFiles/Makefile2:262: CMakeFiles/AngelAuraAmethyst.dir/all] Error 2
2025-11-24T12:19:54.5172900Z gmake[1]: *** [Makefile:91: all] Error 2
2025-11-24T12:19:54.5273820Z gmake: *** [Makefile:257: native] Error 2
2025-11-24T12:19:54.5374860Z gmake: *** Waiting for unfinished jobs....
2025-11-24T12:19:54.8970720Z Compiling src/launcher/net/kdt/pojavlaunch/value/MinecraftClientInfo.java
2025-11-24T12:19:56.5706770Z Compiling src/launcher/net/kdt/pojavlaunch/value/DependentLibrary.java
2025-11-24T12:19:56.6308910Z Note: src/launcher/net/kdt/pojavlaunch/PojavClassLoader.java uses or overrides a deprecated API.
2025-11-24T12:19:56.6409200Z Note: Recompile with -Xlint:deprecation for details.
2025-11-24T12:19:56.6509750Z Note: Some input files use unchecked or unsafe operations.
2025-11-24T12:19:56.6610220Z Note: Recompile with -Xlint:unchecked for details.
2025-11-24T12:19:56.6811640Z Compiling src/launcher/net/kdt/pojavlaunch/value/MinecraftAccount.java
2025-11-24T12:19:56.9882830Z Note: src/launcher/net/kdt/pojavlaunch/PojavClassLoader.java uses or overrides a deprecated API.
2025-11-24T12:19:56.9982920Z Note: Recompile with -Xlint:deprecation for details.
2025-11-24T12:19:57.0085150Z Note: Some input files use unchecked or unsafe operations.
2025-11-24T12:19:57.0186670Z Note: Recompile with -Xlint:unchecked for details.
2025-11-24T12:19:57.0388370Z Compiling src/launcher/net/kdt/pojavlaunch/value/ForgeInstallProfile.java
2025-11-24T12:19:58.2283620Z Compiling src/launcher/net/kdt/pojavlaunch/utils/MCOptionUtils.java
2025-11-24T12:19:59.1606940Z Compiling src/launcher/net/kdt/pojavlaunch/utils/JSONUtils.java
2025-11-24T12:20:01.9775770Z Compiling src/launcher/net/kdt/pojavlaunch/JVersion.java
2025-11-24T12:20:03.9823100Z Compiling src/launcher/net/kdt/pojavlaunch/JAssets.java
2025-11-24T12:20:05.7265620Z Compiling src/launcher/net/kdt/pojavlaunch/JAssetInfo.java
2025-11-24T12:20:06.2030710Z Note: src/launcher/net/kdt/pojavlaunch/PojavClassLoader.java uses or overrides a deprecated API.
2025-11-24T12:20:06.2132030Z Note: Recompile with -Xlint:deprecation for details.
2025-11-24T12:20:06.2233880Z Note: Some input files use unchecked or unsafe operations.
2025-11-24T12:20:06.2335800Z Note: Recompile with -Xlint:unchecked for details.
2025-11-24T12:20:06.2437240Z Compiling src/launcher/net/kdt/pojavlaunch/Tools.java
2025-11-24T12:20:07.3547000Z Compiling src/launcher/net/kdt/pojavlaunch/JMinecraftVersionList.java
2025-11-24T12:20:07.8343140Z Note: src/launcher/net/kdt/pojavlaunch/PojavClassLoader.java uses or overrides a deprecated API.
2025-11-24T12:20:07.8463240Z Note: Recompile with -Xlint:deprecation for details.
2025-11-24T12:20:07.8572170Z Note: Some input files use unchecked or unsafe operations.
2025-11-24T12:20:07.8681230Z Note: Recompile with -Xlint:unchecked for details.
2025-11-24T12:20:07.8889610Z Compiling src/launcher/android/util/Objects.java
2025-11-24T12:20:08.9892520Z Compiling src/launcher/android/util/ArrayMap.java
2025-11-24T12:20:10.1739750Z Compiling src/launcher/android/util/EmptyArray.java
2025-11-24T12:20:12.0884680Z Compiling src/launcher/android/util/ContainerHelpers.java
2025-11-24T12:20:14.4282290Z Compiling src/launcher/android/util/MapCollections.java
2025-11-24T12:20:15.1437560Z Note: Some input files use unchecked or unsafe operations.
2025-11-24T12:20:15.1538050Z Note: Recompile with -Xlint:unchecked for details.
2025-11-24T12:20:15.1840230Z Compiling src/launcher/com/mojang/text2speech/NarratorWindows.java
2025-11-24T12:20:16.0848710Z Note: src/launcher/net/kdt/pojavlaunch/PojavClassLoader.java uses or overrides a deprecated API.
2025-11-24T12:20:16.0960890Z Note: Recompile with -Xlint:deprecation for details.
2025-11-24T12:20:16.1062050Z Note: Some input files use unchecked or unsafe operations.
2025-11-24T12:20:16.1162370Z Note: Recompile with -Xlint:unchecked for details.
2025-11-24T12:20:16.1363680Z Compiling src/launcher/com/mojang/text2speech/Narrator.java
2025-11-24T12:20:17.1212770Z Compiling src/launcher/com/mojang/text2speech/NarratorOSX.java
2025-11-24T12:20:18.0336170Z Compiling src/launcher/com/mojang/text2speech/NarratorLinux.java
2025-11-24T12:20:18.4115960Z Note: src/launcher/android/util/MapCollections.java uses unchecked or unsafe operations.
2025-11-24T12:20:18.4217660Z Note: Recompile with -Xlint:unchecked for details.
2025-11-24T12:20:18.4416810Z Compiling src/launcher/com/mojang/text2speech/Text2Speech.java
2025-11-24T12:20:18.8371790Z Compiling src/lwjgl/org/lwjgl/input/InfdevMouse.java
2025-11-24T12:20:19.7248390Z Compiling src/lwjgl/org/lwjgl/glfw/CallbackBridge.java
2025-11-24T12:20:20.0424730Z Compiling src/lwjgl/org/lwjgl/glfw/GLFWNativeCocoa.java
2025-11-24T12:20:20.5392690Z Compiling src/lwjgl/org/lwjgl/glfw/Callbacks.java
2025-11-24T12:20:21.5166900Z Compiling src/lwjgl/org/lwjgl/glfw/GLFWVulkan.java
2025-11-24T12:20:21.7375620Z Compiling src/lwjgl/org/lwjgl/glfw/GLFWNativeEGL.java
2025-11-24T12:20:23.3981140Z Compiling src/lwjgl/org/lwjgl/glfw/GLFWWindowProperties.java
2025-11-24T12:20:30.5102470Z Note: src/launcher/net/kdt/pojavlaunch/PojavClassLoader.java uses or overrides a deprecated API.
2025-11-24T12:20:30.5204400Z Note: Recompile with -Xlint:deprecation for details.
2025-11-24T12:20:30.5306490Z Note: Some input files use unchecked or unsafe operations.
2025-11-24T12:20:30.5426080Z Note: Recompile with -Xlint:unchecked for details.
2025-11-24T12:20:30.5725180Z Compiling src/lwjgl/org/lwjgl/glfw/GLFW.java
2025-11-24T12:20:31.8896330Z Note: src/launcher/net/kdt/pojavlaunch/PojavClassLoader.java uses or overrides a deprecated API.
2025-11-24T12:20:31.8996730Z Note: Recompile with -Xlint:deprecation for details.
2025-11-24T12:20:31.9097020Z Note: Some input files use unchecked or unsafe operations.
2025-11-24T12:20:31.9197510Z Note: Recompile with -Xlint:unchecked for details.
2025-11-24T12:20:31.9499150Z Compiling src/patchjna_agent/net/kdt/patchjna/PatchJNAAgent.java
2025-11-24T12:20:33.7193360Z Note: src/launcher/net/kdt/pojavlaunch/PojavClassLoader.java uses or overrides a deprecated API.
2025-11-24T12:20:33.7293640Z Note: Recompile with -Xlint:deprecation for details.
2025-11-24T12:20:33.7395110Z Note: Some input files use unchecked or unsafe operations.
2025-11-24T12:20:33.7514360Z Note: Recompile with -Xlint:unchecked for details.
2025-11-24T12:20:33.7595970Z Compiling src/patchjna_agent/com/sun/jna/Platform.java
2025-11-24T12:20:35.3046550Z Note: src/patchjna_agent/com/sun/jna/Platform.java uses unchecked or unsafe operations.
2025-11-24T12:20:35.3147610Z Note: Recompile with -Xlint:unchecked for details.
2025-11-24T12:20:38.4000630Z Note: src/launcher/net/kdt/pojavlaunch/PojavClassLoader.java uses or overrides a deprecated API.
2025-11-24T12:20:38.4109020Z Note: Recompile with -Xlint:deprecation for details.
2025-11-24T12:20:38.4209910Z Note: Some input files use unchecked or unsafe operations.
2025-11-24T12:20:38.4310980Z Note: Recompile with -Xlint:unchecked for details.
2025-11-24T12:20:38.4502900Z Creating build/launcher.jar
2025-11-24T12:20:38.4604860Z Creating build/lwjgl.jar
2025-11-24T12:20:38.4710290Z Creating build/patchjna_agent.jar
2025-11-24T12:20:45.4415910Z gmake[1]: Leaving directory '/Users/runner/work/Amethyst-iOS-MyRemastered/Amethyst-iOS-MyRemastered/JavaApp'
2025-11-24T12:20:45.4517880Z [Amethyst v1.0] java - end
2025-11-24T12:20:45.4591280Z ##[error]Process completed with exit code 2.
2025-11-24T12:20:45.4718280Z Post job cleanup.
2025-11-24T12:20:45.7755790Z [command]/opt/homebrew/bin/git version
2025-11-24T12:20:45.7892640Z git version 2.50.1
2025-11-24T12:20:45.8399450Z Copying '/Users/runner/.gitconfig' to '/Users/runner/work/_temp/e7f9a8d2-b2d9-4130-ae81-3aaca696e52a/.gitconfig'
2025-11-24T12:20:45.8501620Z Temporarily overriding HOME='/Users/runner/work/_temp/e7f9a8d2-b2d9-4130-ae81-3aaca696e52a' before making global git config changes
2025-11-24T12:20:45.8603660Z Adding repository directory to the temporary git global config as a safe directory
2025-11-24T12:20:45.8705360Z [command]/opt/homebrew/bin/git config --global --add safe.directory /Users/runner/work/Amethyst-iOS-MyRemastered/Amethyst-iOS-MyRemastered
2025-11-24T12:20:45.9028590Z [command]/opt/homebrew/bin/git config --local --name-only --get-regexp core\.sshCommand
2025-11-24T12:20:45.9340380Z [command]/opt/homebrew/bin/git submodule foreach --recursive sh -c "git config --local --name-only --get-regexp 'core\.sshCommand' && git config --local --unset-all 'core.sshCommand' || :"
2025-11-24T12:20:45.9921630Z Entering 'Natives/external/AFNetworking'
2025-11-24T12:20:46.0022790Z Entering 'Natives/external/DBNumberedSlider'
2025-11-24T12:20:46.0123870Z Entering 'Natives/external/MobileGlues'
2025-11-24T12:20:46.0428690Z Entering 'Natives/external/MobileGlues/src/main/cpp/3rdparty/glm'
2025-11-24T12:20:46.0689320Z Entering 'Natives/external/MobileGlues/src/main/cpp/3rdparty/perfetto'
2025-11-24T12:20:46.1097990Z Entering 'Natives/external/MobileGlues/src/main/cpp/3rdparty/xxhash'
2025-11-24T12:20:46.1330710Z Entering 'Natives/external/MobileGlues/src/main/cpp/include/FastSTL'
2025-11-24T12:20:46.1641310Z Entering 'Natives/external/fishhook'
2025-11-24T12:20:46.2064440Z [command]/opt/homebrew/bin/git config --local --name-only --get-regexp http\.https\:\/\/github\.com\/\.extraheader
2025-11-24T12:20:46.2165580Z http.https://github.com/.extraheader
2025-11-24T12:20:46.2489830Z [command]/opt/homebrew/bin/git config --local --unset-all http.https://github.com/.extraheader
2025-11-24T12:20:46.2794040Z [command]/opt/homebrew/bin/git submodule foreach --recursive sh -c "git config --local --name-only --get-regexp 'http\.https\:\/\/github\.com\/\.extraheader' && git config --local --unset-all 'http.https://github.com/.extraheader' || :"
2025-11-24T12:20:46.3096160Z Entering 'Natives/external/AFNetworking'
2025-11-24T12:20:46.3347930Z Entering 'Natives/external/DBNumberedSlider'
2025-11-24T12:20:46.3599140Z Entering 'Natives/external/MobileGlues'
2025-11-24T12:20:46.3852940Z Entering 'Natives/external/MobileGlues/src/main/cpp/3rdparty/glm'
2025-11-24T12:20:46.4101540Z Entering 'Natives/external/MobileGlues/src/main/cpp/3rdparty/perfetto'
2025-11-24T12:20:46.4355220Z Entering 'Natives/external/MobileGlues/src/main/cpp/3rdparty/xxhash'
2025-11-24T12:20:46.4657400Z Entering 'Natives/external/MobileGlues/src/main/cpp/include/FastSTL'
2025-11-24T12:20:46.4858960Z Entering 'Natives/external/fishhook'
2025-11-24T12:20:46.5373330Z [command]/opt/homebrew/bin/git config --local --name-only --get-regexp ^includeIf\.gitdir:
2025-11-24T12:20:46.5678880Z [command]/opt/homebrew/bin/git submodule foreach --recursive git config --local --show-origin --name-only --get-regexp remote.origin.url
2025-11-24T12:20:46.6331560Z Entering 'Natives/external/AFNetworking'
2025-11-24T12:20:46.6433400Z file:/Users/runner/work/Amethyst-iOS-MyRemastered/Amethyst-iOS-MyRemastered/.git/modules/Natives/external/AFNetworking/config	remote.origin.url
2025-11-24T12:20:46.6534920Z Entering 'Natives/external/DBNumberedSlider'
2025-11-24T12:20:46.6636240Z file:/Users/runner/work/Amethyst-iOS-MyRemastered/Amethyst-iOS-MyRemastered/.git/modules/Natives/external/DBNumberedSlider/config	remote.origin.url
2025-11-24T12:20:46.6738570Z Entering 'Natives/external/MobileGlues'
2025-11-24T12:20:46.6839890Z file:/Users/runner/work/Amethyst-iOS-MyRemastered/Amethyst-iOS-MyRemastered/.git/modules/Natives/external/MobileGlues/config	remote.origin.url
2025-11-24T12:20:46.6941750Z Entering 'Natives/external/MobileGlues/src/main/cpp/3rdparty/glm'
2025-11-24T12:20:46.7043450Z file:/Users/runner/work/Amethyst-iOS-MyRemastered/Amethyst-iOS-MyRemastered/.git/modules/Natives/external/MobileGlues/modules/src/main/cpp/3rdparty/glm/config	remote.origin.url
2025-11-24T12:20:46.7144950Z Entering 'Natives/external/MobileGlues/src/main/cpp/3rdparty/perfetto'
2025-11-24T12:20:46.7246580Z file:/Users/runner/work/Amethyst-iOS-MyRemastered/Amethyst-iOS-MyRemastered/.git/modules/Natives/external/MobileGlues/modules/src/main/cpp/3rdparty/perfetto/config	remote.origin.url
2025-11-24T12:20:46.7348370Z Entering 'Natives/external/MobileGlues/src/main/cpp/3rdparty/xxhash'
2025-11-24T12:20:46.7449990Z file:/Users/runner/work/Amethyst-iOS-MyRemastered/Amethyst-iOS-MyRemastered/.git/modules/Natives/external/MobileGlues/modules/src/main/cpp/3rdparty/xxhash/config	remote.origin.url
2025-11-24T12:20:46.7551720Z Entering 'Natives/external/MobileGlues/src/main/cpp/include/FastSTL'
2025-11-24T12:20:46.7653300Z file:/Users/runner/work/Amethyst-iOS-MyRemastered/Amethyst-iOS-MyRemastered/.git/modules/Natives/external/MobileGlues/modules/src/main/cpp/include/FastSTL/config	remote.origin.url
2025-11-24T12:20:46.7755130Z Entering 'Natives/external/fishhook'
2025-11-24T12:20:46.7856560Z file:/Users/runner/work/Amethyst-iOS-MyRemastered/Amethyst-iOS-MyRemastered/.git/modules/Natives/external/fishhook/config	remote.origin.url
2025-11-24T12:20:46.8162840Z [command]/opt/homebrew/bin/git config --file /Users/runner/work/Amethyst-iOS-MyRemastered/Amethyst-iOS-MyRemastered/.git/modules/Natives/external/AFNetworking/config --name-only --get-regexp ^includeIf\.gitdir:
2025-11-24T12:20:46.8466140Z [command]/opt/homebrew/bin/git config --file /Users/runner/work/Amethyst-iOS-MyRemastered/Amethyst-iOS-MyRemastered/.git/modules/Natives/external/DBNumberedSlider/config --name-only --get-regexp ^includeIf\.gitdir:
2025-11-24T12:20:46.8768830Z [command]/opt/homebrew/bin/git config --file /Users/runner/work/Amethyst-iOS-MyRemastered/Amethyst-iOS-MyRemastered/.git/modules/Natives/external/MobileGlues/config --name-only --get-regexp ^includeIf\.gitdir:
2025-11-24T12:20:46.9071550Z [command]/opt/homebrew/bin/git config --file /Users/runner/work/Amethyst-iOS-MyRemastered/Amethyst-iOS-MyRemastered/.git/modules/Natives/external/MobileGlues/modules/src/main/cpp/3rdparty/glm/config --name-only --get-regexp ^includeIf\.gitdir:
2025-11-24T12:20:46.9374620Z [command]/opt/homebrew/bin/git config --file /Users/runner/work/Amethyst-iOS-MyRemastered/Amethyst-iOS-MyRemastered/.git/modules/Natives/external/MobileGlues/modules/src/main/cpp/3rdparty/perfetto/config --name-only --get-regexp ^includeIf\.gitdir:
2025-11-24T12:20:46.9678090Z [command]/opt/homebrew/bin/git config --file /Users/runner/work/Amethyst-iOS-MyRemastered/Amethyst-iOS-MyRemastered/.git/modules/Natives/external/MobileGlues/modules/src/main/cpp/3rdparty/xxhash/config --name-only --get-regexp ^includeIf\.gitdir:
2025-11-24T12:20:46.9980800Z [command]/opt/homebrew/bin/git config --file /Users/runner/work/Amethyst-iOS-MyRemastered/Amethyst-iOS-MyRemastered/.git/modules/Natives/external/MobileGlues/modules/src/main/cpp/include/FastSTL/config --name-only --get-regexp ^includeIf\.gitdir:
2025-11-24T12:20:47.0284520Z [command]/opt/homebrew/bin/git config --file /Users/runner/work/Amethyst-iOS-MyRemastered/Amethyst-iOS-MyRemastered/.git/modules/Natives/external/fishhook/config --name-only --get-regexp ^includeIf\.gitdir:
2025-11-24T12:20:47.0713200Z Cleaning up orphan processes
2025-11-24T12:20:47.6668550Z Terminate orphan process: pid (5962) (ibtoold)
